Archive member included to satisfy reference by file (symbol)

ym/microbit/source/microbit.a(MicroBit.cpp.o)
                              source/CMakeFiles/iot-example.dir/home/student/IoT-Projects/challenge-3/examples/source/main.cpp.o (MicroBit::MicroBit())
ym/microbit-dal/source/microbit-dal.a(MicroBitDevice.cpp.o)
                              ym/microbit/source/microbit.a(MicroBit.cpp.o) (microbit_serial_number())
ym/microbit-dal/source/microbit-dal.a(MicroBitFiber.cpp.o)
                              ym/microbit/source/microbit.a(MicroBit.cpp.o) (scheduler_init(EventModel&))
ym/microbit-dal/source/microbit-dal.a(MicroBitFont.cpp.o)
                              ym/microbit-dal/source/microbit-dal.a(MicroBitDevice.cpp.o) (MicroBitFont::defaultFont)
ym/microbit-dal/source/microbit-dal.a(MicroBitHeapAllocator.cpp.o)
                              ym/microbit/source/microbit.a(MicroBit.cpp.o) (microbit_create_heap(unsigned long, unsigned long))
ym/microbit-dal/source/microbit-dal.a(MicroBitListener.cpp.o)
                              source/CMakeFiles/iot-example.dir/home/student/IoT-Projects/challenge-3/examples/source/main.cpp.o (MicroBitListener::MicroBitListener(unsigned short, unsigned short, void (*)(MicroBitEvent), unsigned short))
ym/microbit-dal/source/microbit-dal.a(MicroBitSystemTimer.cpp.o)
                              ym/microbit-dal/source/microbit-dal.a(MicroBitFiber.cpp.o) (system_timer_current_time())
ym/microbit-dal/source/microbit-dal.a(ManagedString.cpp.o)
                              source/CMakeFiles/iot-example.dir/home/student/IoT-Projects/challenge-3/examples/source/main.cpp.o (ManagedString::~ManagedString())
ym/microbit-dal/source/microbit-dal.a(MicroBitEvent.cpp.o)
                              ym/microbit/source/microbit.a(MicroBit.cpp.o) (MicroBitEvent::MicroBitEvent())
ym/microbit-dal/source/microbit-dal.a(MicroBitImage.cpp.o)
                              ym/microbit/source/microbit.a(MicroBit.cpp.o) (MicroBitImage::setPixelValue(short, short, unsigned char))
ym/microbit-dal/source/microbit-dal.a(PacketBuffer.cpp.o)
                              ym/microbit-dal/source/microbit-dal.a(ManagedString.cpp.o) (PacketBuffer::getBytes())
ym/microbit-dal/source/microbit-dal.a(RefCounted.cpp.o)
                              ym/microbit-dal/source/microbit-dal.a(ManagedString.cpp.o) (RefCounted::init())
ym/microbit-dal/source/microbit-dal.a(MicroBitAccelerometer.cpp.o)
                              ym/microbit/source/microbit.a(MicroBit.cpp.o) (MicroBitAccelerometer::autoDetect(MicroBitI2C&))
ym/microbit-dal/source/microbit-dal.a(MicroBitButton.cpp.o)
                              source/CMakeFiles/iot-example.dir/home/student/IoT-Projects/challenge-3/examples/source/main.cpp.o (MicroBitButton::~MicroBitButton())
ym/microbit-dal/source/microbit-dal.a(MicroBitCompass.cpp.o)
                              ym/microbit/source/microbit.a(MicroBit.cpp.o) (MicroBitCompass::autoDetect(MicroBitI2C&))
ym/microbit-dal/source/microbit-dal.a(MicroBitCompassCalibrator.cpp.o)
                              ym/microbit/source/microbit.a(MicroBit.cpp.o) (MicroBitCompassCalibrator::MicroBitCompassCalibrator(MicroBitCompass&, MicroBitAccelerometer&, MicroBitDisplay&, MicroBitStorage&))
ym/microbit-dal/source/microbit-dal.a(MicroBitDisplay.cpp.o)
                              source/CMakeFiles/iot-example.dir/home/student/IoT-Projects/challenge-3/examples/source/main.cpp.o (MicroBitDisplay::~MicroBitDisplay())
ym/microbit-dal/source/microbit-dal.a(MicroBitI2C.cpp.o)
                              ym/microbit/source/microbit.a(MicroBit.cpp.o) (MicroBitI2C::MicroBitI2C(PinName, PinName))
ym/microbit-dal/source/microbit-dal.a(MicroBitIO.cpp.o)
                              ym/microbit/source/microbit.a(MicroBit.cpp.o) (MicroBitIO::MicroBitIO(int, int, int, int, int, int, int, int, int, int, int, int, int, int, int, int, int, int, int))
ym/microbit-dal/source/microbit-dal.a(MicroBitLightSensor.cpp.o)
                              ym/microbit-dal/source/microbit-dal.a(MicroBitDisplay.cpp.o) (MicroBitLightSensor::read())
ym/microbit-dal/source/microbit-dal.a(MicroBitMessageBus.cpp.o)
                              ym/microbit/source/microbit.a(MicroBit.cpp.o) (MicroBitMessageBus::add(MicroBitListener*))
ym/microbit-dal/source/microbit-dal.a(MicroBitMultiButton.cpp.o)
                              ym/microbit/source/microbit.a(MicroBit.cpp.o) (MicroBitMultiButton::setEventConfiguration(MicroBitButtonEventConfiguration))
ym/microbit-dal/source/microbit-dal.a(MicroBitPin.cpp.o)
                              ym/microbit-dal/source/microbit-dal.a(MicroBitAccelerometer.cpp.o) (MicroBitPin::MicroBitPin(int, PinName, PinCapability))
ym/microbit-dal/source/microbit-dal.a(MicroBitRadio.cpp.o)
                              ym/microbit/source/microbit.a(MicroBit.cpp.o) (MicroBitRadio::MicroBitRadio(unsigned short))
ym/microbit-dal/source/microbit-dal.a(MicroBitRadioDatagram.cpp.o)
[...]
Memory Configuration

Name             Origin             Length             Attributes
FLASH            0x0000000000018000 0x0000000000028000 xr
RAM              0x0000000020002000 0x0000000000002000 xrw
*default*        0x0000000000000000 0xffffffffffffffff

Linker script and memory map

LOAD /usr/bin/../lib/gcc/arm-none-eabi/7.2.1/thumb/v6-m/crti.o
LOAD /usr/bin/../lib/gcc/arm-none-eabi/7.2.1/thumb/v6-m/crtbegin.o
LOAD /usr/bin/../lib/gcc/arm-none-eabi/7.2.1/../../../../arm-none-eabi/lib/thumb/v6-m/crt0.o
START GROUP
LOAD source/CMakeFiles/iot-example.dir/home/student/IoT-Projects/challenge-3/examples/source/main.cpp.o
LOAD ym/microbit/source/microbit.a
LOAD ym/microbit-dal/source/microbit-dal.a
LOAD ym/ble/source/ble.a
LOAD ym/ble-nrf51822/source/ble-nrf51822.a
LOAD ym/ble/source/ble.a
LOAD ym/ble-nrf51822/source/ble-nrf51822.a
LOAD ym/nrf51-sdk/source/nrf51-sdk.a
LOAD ym/mbed-classic/existing/mbed-classic.a
LOAD /usr/bin/../lib/gcc/arm-none-eabi/7.2.1/../../../../arm-none-eabi/lib/thumb/v6-m/libnosys.a
LOAD /usr/bin/../lib/gcc/arm-none-eabi/7.2.1/../../../../arm-none-eabi/lib/thumb/v6-m/libstdc++_nano.a
LOAD /usr/bin/../lib/gcc/arm-none-eabi/7.2.1/../../../../arm-none-eabi/lib/thumb/v6-m/libsupc++_nano.a
LOAD /usr/bin/../lib/gcc/arm-none-eabi/7.2.1/thumb/v6-m/libgcc.a
LOAD /usr/bin/../lib/gcc/arm-none-eabi/7.2.1/../../../../arm-none-eabi/lib/thumb/v6-m/libstdc++_nano.a
LOAD /usr/bin/../lib/gcc/arm-none-eabi/7.2.1/../../../../arm-none-eabi/lib/thumb/v6-m/libsupc++_nano.a
LOAD /usr/bin/../lib/gcc/arm-none-eabi/7.2.1/../../../../arm-none-eabi/lib/thumb/v6-m/libm.a
LOAD /usr/bin/../lib/gcc/arm-none-eabi/7.2.1/../../../../arm-none-eabi/lib/thumb/v6-m/libc_nano.a
LOAD /usr/bin/../lib/gcc/arm-none-eabi/7.2.1/thumb/v6-m/libgcc.a
END GROUP
LOAD /usr/bin/../lib/gcc/arm-none-eabi/7.2.1/../../../../arm-none-eabi/lib/thumb/v6-m/libstdc++_nano.a
LOAD /usr/bin/../lib/gcc/arm-none-eabi/7.2.1/../../../../arm-none-eabi/lib/thumb/v6-m/libm.a
LOAD /usr/bin/../lib/gcc/arm-none-eabi/7.2.1/../../../../arm-none-eabi/lib/thumb/v6-m/libc_nano.a
START GROUP
LOAD /usr/bin/../lib/gcc/arm-none-eabi/7.2.1/thumb/v6-m/libgcc.a
LOAD /usr/bin/../lib/gcc/arm-none-eabi/7.2.1/../../../../arm-none-eabi/lib/thumb/v6-m/libc_nano.a
END GROUP
START GROUP
LOAD /usr/bin/../lib/gcc/arm-none-eabi/7.2.1/thumb/v6-m/libgcc.a
LOAD /usr/bin/../lib/gcc/arm-none-eabi/7.2.1/../../../../arm-none-eabi/lib/thumb/v6-m/libc_nano.a
END GROUP
LOAD /usr/bin/../lib/gcc/arm-none-eabi/7.2.1/thumb/v6-m/crtend.o
LOAD /usr/bin/../lib/gcc/arm-none-eabi/7.2.1/thumb/v6-m/crtn.o

.text           0x0000000000018000     0xec78
 *(SORT_BY_ALIGNMENT(.Vectors))
 .Vectors       0x0000000000018000       0xc0 ym/mbed-classic/existing/mbed-classic.a(startup_NRF51822.S.obj)
                0x0000000000018000                __Vectors
 *(SORT_BY_ALIGNMENT(.text*))
 .text          0x00000000000180c0       0x48 /usr/bin/../lib/gcc/arm-none-eabi/7.2.1/thumb/v6-m/crtbegin.o
 .text          0x0000000000018108       0x78 /usr/bin/../lib/gcc/arm-none-eabi/7.2.1/../../../../arm-none-eabi/lib/thumb/v6-m/crt0.o
                0x0000000000018108                _mainCRTStartup
                0x0000000000018108                _start
 .text._Z11onConnected13MicroBitEvent
                0x0000000000018180       0x28 source/CMakeFiles/iot-example.dir/home/student/IoT-Projects/challenge-3/examples/source/main.cpp.o
                0x0000000000018180                onConnected(MicroBitEvent)
 .text._Z14onDisconnected13MicroBitEvent
                0x00000000000181a8       0x28 source/CMakeFiles/iot-example.dir/home/student/IoT-Projects/challenge-3/examples/source/main.cpp.o
                0x00000000000181a8                onDisconnected(MicroBitEvent)
 .text._ZN14MicroBitSerialD2Ev
                0x00000000000181d0       0x18 source/CMakeFiles/iot-example.dir/home/student/IoT-Projects/challenge-3/examples/source/main.cpp.o
                0x00000000000181d0                MicroBitSerial::~MicroBitSerial()
                0x00000000000181d0                MicroBitSerial::~MicroBitSerial()
 .text._ZN10EventModel6listenEiiPFv13MicroBitEventEt
                0x00000000000181e8       0x5c source/CMakeFiles/iot-example.dir/home/student/IoT-Projects/challenge-3/examples/source/main.cpp.o
                0x00000000000181e8                EventModel::listen(int, int, void (*)(MicroBitEvent), unsigned short)
 .text.startup.main
                0x0000000000018244       0x80 source/CMakeFiles/iot-example.dir/home/student/IoT-Projects/challenge-3/examples/source/main.cpp.o
                0x0000000000018244                main
 .text.startup._GLOBAL__sub_I_uBit
                0x00000000000182c4       0x24 source/CMakeFiles/iot-example.dir/home/student/IoT-Projects/challenge-3/examples/source/main.cpp.o
 .text._ZN8MicroBitD2Ev
                0x00000000000182e8       0x58 source/CMakeFiles/iot-example.dir/home/student/IoT-Projects/challenge-3/examples/source/main.cpp.o
                0x00000000000182e8                MicroBit::~MicroBit()
                0x00000000000182e8                MicroBit::~MicroBit()
 .text._ZN8MicroBitC2Ev
                0x0000000000018340      0x170 ym/microbit/source/microbit.a(MicroBit.cpp.o)
                0x0000000000018340                MicroBit::MicroBit()
                0x0000000000018340                MicroBit::MicroBit()
 .text._ZN8MicroBit4initEv
                0x00000000000184b0      0x1f8 ym/microbit/source/microbit.a(MicroBit.cpp.o)
                0x00000000000184b0                MicroBit::init()
 .text.NVIC_SystemReset
                0x00000000000186a8       0x18 ym/microbit-dal/source/microbit-dal.a(MicroBitDevice.cpp.o)
 .text._Z22microbit_friendly_namev
                0x00000000000186c0       0x68 ym/microbit-dal/source/microbit-dal.a(MicroBitDevice.cpp.o)
                0x00000000000186c0                microbit_friendly_name()
 .text._Z14microbit_panici
                0x0000000000018728      0x170 ym/microbit-dal/source/microbit-dal.a(MicroBitDevice.cpp.o)
                0x0000000000018728                microbit_panic(int)
 .text._Z20microbit_seed_randomv
                0x0000000000018898       0x60 ym/microbit-dal/source/microbit-dal.a(MicroBitDevice.cpp.o)
                0x0000000000018898                microbit_seed_random()
 .text._Z14scheduler_tickv
                0x00000000000188f8       0x38 ym/microbit-dal/source/microbit-dal.a(MicroBitFiber.cpp.o)
                0x00000000000188f8                scheduler_tick()
 .text._Z15scheduler_event13MicroBitEvent
                0x0000000000018930       0xcc ym/microbit-dal/source/microbit-dal.a(MicroBitFiber.cpp.o)
                0x0000000000018930                scheduler_event(MicroBitEvent)
 .text._Z15getFiberContextv
                0x00000000000189fc       0x3c ym/microbit-dal/source/microbit-dal.a(MicroBitFiber.cpp.o)
                0x00000000000189fc                getFiberContext()
 .text._Z23fiber_scheduler_runningv
                0x0000000000018a38       0x10 ym/microbit-dal/source/microbit-dal.a(MicroBitFiber.cpp.o)
                0x0000000000018a38                fiber_scheduler_running()
 .text._Z14scheduler_initR10EventModel
                0x0000000000018a48       0xa8 ym/microbit-dal/source/microbit-dal.a(MicroBitFiber.cpp.o)
                0x0000000000018a48                scheduler_init(EventModel&)
 .text._Z14__create_fibermmmi
                0x0000000000018af0       0x50 ym/microbit-dal/source/microbit-dal.a(MicroBitFiber.cpp.o)
                0x0000000000018af0                __create_fiber(unsigned long, unsigned long, unsigned long, int)
 .text._Z24scheduler_runqueue_emptyv
                0x0000000000018b40       0x10 ym/microbit-dal/source/microbit-dal.a(MicroBitFiber.cpp.o)
                0x0000000000018b40                scheduler_runqueue_empty()
 .text._Z24fiber_add_idle_componentP17MicroBitComponent
                0x0000000000018b50       0x1c ym/microbit-dal/source/microbit-dal.a(MicroBitFiber.cpp.o)
                0x0000000000018b50                fiber_add_idle_component(MicroBitComponent*)
 .text._Z27fiber_remove_idle_componentP17MicroBitComponent
                0x0000000000018b6c       0x1c ym/microbit-dal/source/microbit-dal.a(MicroBitFiber.cpp.o)
                0x0000000000018b6c                fiber_remove_idle_component(MicroBitComponent*)
 .text._Z4idlev
                0x0000000000018b88       0x30 ym/microbit-dal/source/microbit-dal.a(MicroBitFiber.cpp.o)
                0x0000000000018b88                idle()
 .text._Z8schedulev
                0x0000000000018bb8       0xcc ym/microbit-dal/source/microbit-dal.a(MicroBitFiber.cpp.o)
                0x0000000000018bb8                schedule()
 .text._Z11fiber_sleepm
                0x0000000000018c84       0x54 ym/microbit-dal/source/microbit-dal.a(MicroBitFiber.cpp.o)
                0x0000000000018c84                fiber_sleep(unsigned long)
 .text._Z19fiber_wake_on_eventtt
                0x0000000000018cd8       0x9c ym/microbit-dal/source/microbit-dal.a(MicroBitFiber.cpp.o)
                0x0000000000018cd8                fiber_wake_on_event(unsigned short, unsigned short)
 .text._Z13release_fiberv
                0x0000000000018d74       0x28 ym/microbit-dal/source/microbit-dal.a(MicroBitFiber.cpp.o)
                0x0000000000018d74                release_fiber()
 .text._Z6invokePFvPvES_
                0x0000000000018d9c       0x80 ym/microbit-dal/source/microbit-dal.a(MicroBitFiber.cpp.o)
                0x0000000000018d9c                invoke(void (*)(void*), void*)
 .text._ZN12MicroBitFont13getSystemFontEv
                0x0000000000018e1c       0x10 ym/microbit-dal/source/microbit-dal.a(MicroBitFont.cpp.o)
                0x0000000000018e1c                MicroBitFont::getSystemFont()
 .text.startup._GLOBAL__sub_I__ZN12MicroBitFont11defaultFontE
                0x0000000000018e2c       0x18 ym/microbit-dal/source/microbit-dal.a(MicroBitFont.cpp.o)
 .text._Z20microbit_create_heapmm
                0x0000000000018e44       0x58 ym/microbit-dal/source/microbit-dal.a(MicroBitHeapAllocator.cpp.o)
                0x0000000000018e44                microbit_create_heap(unsigned long, unsigned long)
 .text.malloc   0x0000000000018e9c       0x68 ym/microbit-dal/source/microbit-dal.a(MicroBitHeapAllocator.cpp.o)
                0x0000000000018e9c                malloc
 .text.free     0x0000000000018f04       0x50 ym/microbit-dal/source/microbit-dal.a(MicroBitHeapAllocator.cpp.o)
                0x0000000000018f04                free
 .text._Z23system_timer_set_periodi
                0x0000000000018f54       0x44 ym/microbit-dal/source/microbit-dal.a(MicroBitSystemTimer.cpp.o)
                0x0000000000018f54                system_timer_set_period(int)
 .text._Z17system_timer_initi
                0x0000000000018f98       0x54 ym/microbit-dal/source/microbit-dal.a(MicroBitSystemTimer.cpp.o)
                0x0000000000018f98                system_timer_init(int)
 .text._Z23system_timer_get_periodv
                0x0000000000018fec        0xc ym/microbit-dal/source/microbit-dal.a(MicroBitSystemTimer.cpp.o)
                0x0000000000018fec                system_timer_get_period()
 .text._Z11update_timev
                0x0000000000018ff8       0x44 ym/microbit-dal/source/microbit-dal.a(MicroBitSystemTimer.cpp.o)
                0x0000000000018ff8                update_time()
 .text._Z17system_timer_tickv
                0x000000000001903c       0x24 ym/microbit-dal/source/microbit-dal.a(MicroBitSystemTimer.cpp.o)
                0x000000000001903c                system_timer_tick()
 .text._Z25system_timer_current_timev
                0x0000000000019060       0x1c ym/microbit-dal/source/microbit-dal.a(MicroBitSystemTimer.cpp.o)
                0x0000000000019060                system_timer_current_time()
 .text._Z28system_timer_current_time_usv
                0x000000000001907c       0x14 ym/microbit-dal/source/microbit-dal.a(MicroBitSystemTimer.cpp.o)
                0x000000000001907c                system_timer_current_time_us()
 .text._Z26system_timer_add_componentP17MicroBitComponent
                0x0000000000019090       0x3c ym/microbit-dal/source/microbit-dal.a(MicroBitSystemTimer.cpp.o)
                0x0000000000019090                system_timer_add_component(MicroBitComponent*)
 .text._Z29system_timer_remove_componentP17MicroBitComponent
                0x00000000000190cc       0x1c ym/microbit-dal/source/microbit-dal.a(MicroBitSystemTimer.cpp.o)
                0x00000000000190cc                system_timer_remove_component(MicroBitComponent*)
 .text._ZN13ManagedStringC2EPKc
                0x00000000000190e8       0x20 ym/microbit-dal/source/microbit-dal.a(ManagedString.cpp.o)
                0x00000000000190e8                ManagedString::ManagedString(char const*)
                0x00000000000190e8                ManagedString::ManagedString(char const*)
 .text._ZN13ManagedStringC2EPKcs
                0x0000000000019108       0x54 ym/microbit-dal/source/microbit-dal.a(ManagedString.cpp.o)
                0x0000000000019108                ManagedString::ManagedString(char const*, short)
                0x0000000000019108                ManagedString::ManagedString(char const*, short)
 .text._ZN13ManagedStringC2Ev
                0x000000000001915c        0xc ym/microbit-dal/source/microbit-dal.a(ManagedString.cpp.o)
                0x000000000001915c                ManagedString::ManagedString()
                0x000000000001915c                ManagedString::ManagedString()
 .text.startup._GLOBAL__sub_I__ZN13ManagedString9initEmptyEv
                0x0000000000019168       0x28 ym/microbit-dal/source/microbit-dal.a(ManagedString.cpp.o)
 .text._ZN13MicroBitEvent4fireEv
                0x0000000000019190       0x28 ym/microbit-dal/source/microbit-dal.a(MicroBitEvent.cpp.o)
                0x0000000000019190                MicroBitEvent::fire()
 .text._ZN13MicroBitImageC2Ev
                0x00000000000191b8        0xc ym/microbit-dal/source/microbit-dal.a(MicroBitImage.cpp.o)
                0x00000000000191b8                MicroBitImage::MicroBitImage()
                0x00000000000191b8                MicroBitImage::MicroBitImage()
 .text._ZN13MicroBitImageC2EP9ImageData
                0x00000000000191c4       0x20 ym/microbit-dal/source/microbit-dal.a(MicroBitImage.cpp.o)
                0x00000000000191c4                MicroBitImage::MicroBitImage(ImageData*)
                0x00000000000191c4                MicroBitImage::MicroBitImage(ImageData*)
 .text._ZN13MicroBitImage13setPixelValueEssh
                0x00000000000191e4       0x2c ym/microbit-dal/source/microbit-dal.a(MicroBitImage.cpp.o)
                0x00000000000191e4                MicroBitImage::setPixelValue(short, short, unsigned char)
 .text._ZN13MicroBitImage10printImageEssPKh
                0x0000000000019210       0x60 ym/microbit-dal/source/microbit-dal.a(MicroBitImage.cpp.o)
                0x0000000000019210                MicroBitImage::printImage(short, short, unsigned char const*)
 .text._ZN13MicroBitImage4initEssPKh
                0x0000000000019270       0x50 ym/microbit-dal/source/microbit-dal.a(MicroBitImage.cpp.o)
                0x0000000000019270                MicroBitImage::init(short, short, unsigned char const*)
 .text._ZN13MicroBitImageC2EPKc
                0x00000000000192c0       0xa0 ym/microbit-dal/source/microbit-dal.a(MicroBitImage.cpp.o)
                0x00000000000192c0                MicroBitImage::MicroBitImage(char const*)
                0x00000000000192c0                MicroBitImage::MicroBitImage(char const*)
 .text._ZN13MicroBitImage5printEcss
                0x0000000000019360       0x90 ym/microbit-dal/source/microbit-dal.a(MicroBitImage.cpp.o)
                0x0000000000019360                MicroBitImage::print(char, short, short)
 .text._ZN13MicroBitImage9shiftLeftEs
                0x00000000000193f0       0x54 ym/microbit-dal/source/microbit-dal.a(MicroBitImage.cpp.o)
                0x00000000000193f0                MicroBitImage::shiftLeft(short)
 .text.startup._GLOBAL__sub_I__ZN13MicroBitImage10EmptyImageE
                0x0000000000019444       0x28 ym/microbit-dal/source/microbit-dal.a(MicroBitImage.cpp.o)
 .text.startup._GLOBAL__sub_I__ZN12PacketBuffer11EmptyPacketE
                0x000000000001946c       0x24 ym/microbit-dal/source/microbit-dal.a(PacketBuffer.cpp.o)
 .text._ZL16isReadOnlyInlineP10RefCounted
                0x0000000000019490       0x24 ym/microbit-dal/source/microbit-dal.a(RefCounted.cpp.o)
 .text._ZN21MicroBitAccelerometer9configureEv
                0x00000000000194b4        0x8 ym/microbit-dal/source/microbit-dal.a(MicroBitAccelerometer.cpp.o)
                0x00000000000194b4                MicroBitAccelerometer::configure()
 .text._ZN21MicroBitAccelerometer13requestUpdateEv
                0x00000000000194bc       0x10 ym/microbit-dal/source/microbit-dal.a(MicroBitAccelerometer.cpp.o)
                0x00000000000194bc                MicroBitAccelerometer::requestUpdate()
 .text._ZN21MicroBitAccelerometerC2ER15CoordinateSpacet
                0x00000000000194cc       0x50 ym/microbit-dal/source/microbit-dal.a(MicroBitAccelerometer.cpp.o)
                0x00000000000194cc                MicroBitAccelerometer::MicroBitAccelerometer(CoordinateSpace&, unsigned short)
                0x00000000000194cc                MicroBitAccelerometer::MicroBitAccelerometer(CoordinateSpace&, unsigned short)
 .text._ZN21MicroBitAccelerometer10autoDetectER11MicroBitI2C
                0x000000000001951c      0x160 ym/microbit-dal/source/microbit-dal.a(MicroBitAccelerometer.cpp.o)
                0x000000000001951c                MicroBitAccelerometer::autoDetect(MicroBitI2C&)
 .text._ZN21MicroBitAccelerometer20instantaneousPostureEv
                0x000000000001967c      0x194 ym/microbit-dal/source/microbit-dal.a(MicroBitAccelerometer.cpp.o)
                0x000000000001967c                MicroBitAccelerometer::instantaneousPosture()
 .text._ZN14MicroBitButton10systemTickEv
                0x0000000000019810       0xdc ym/microbit-dal/source/microbit-dal.a(MicroBitButton.cpp.o)
                0x0000000000019810                MicroBitButton::systemTick()
 .text._ZN14MicroBitButtonD2Ev
                0x00000000000198ec       0x18 ym/microbit-dal/source/microbit-dal.a(MicroBitButton.cpp.o)
                0x00000000000198ec                MicroBitButton::~MicroBitButton()
                0x00000000000198ec                MicroBitButton::~MicroBitButton()
 .text._ZN14MicroBitButtonC2E7PinNamet32MicroBitButtonEventConfiguration7PinMode
                0x0000000000019904       0x5c ym/microbit-dal/source/microbit-dal.a(MicroBitButton.cpp.o)
                0x0000000000019904                MicroBitButton::MicroBitButton(PinName, unsigned short, MicroBitButtonEventConfiguration, PinMode)
                0x0000000000019904                MicroBitButton::MicroBitButton(PinName, unsigned short, MicroBitButtonEventConfiguration, PinMode)
 .text._ZN15MicroBitCompass9configureEv
                0x0000000000019960        0x8 ym/microbit-dal/source/microbit-dal.a(MicroBitCompass.cpp.o)
                0x0000000000019960                MicroBitCompass::configure()
 .text._ZN15MicroBitCompass13requestUpdateEv
                0x0000000000019968       0x10 ym/microbit-dal/source/microbit-dal.a(MicroBitCompass.cpp.o)
                0x0000000000019968                MicroBitCompass::requestUpdate()
 .text._ZN15MicroBitCompassC2ER15CoordinateSpacet
                0x0000000000019978       0x44 ym/microbit-dal/source/microbit-dal.a(MicroBitCompass.cpp.o)
                0x0000000000019978                MicroBitCompass::MicroBitCompass(CoordinateSpace&, unsigned short)
                0x0000000000019978                MicroBitCompass::MicroBitCompass(CoordinateSpace&, unsigned short)
 .text._ZN15MicroBitCompass10autoDetectER11MicroBitI2C
                0x00000000000199bc      0x15c ym/microbit-dal/source/microbit-dal.a(MicroBitCompass.cpp.o)
                0x00000000000199bc                MicroBitCompass::autoDetect(MicroBitI2C&)
 .text._ZN25MicroBitCompassCalibrator11calibrateUXE13MicroBitEvent
                0x0000000000019b18      0x29c ym/microbit-dal/source/microbit-dal.a(MicroBitCompassCalibrator.cpp.o)
                0x0000000000019b18                MicroBitCompassCalibrator::calibrateUX(MicroBitEvent)
 .text._ZN10EventModel6listenI25MicroBitCompassCalibratorEEittPT_MS2_Fv13MicroBitEventEt
                0x0000000000019db4       0xac ym/microbit-dal/source/microbit-dal.a(MicroBitCompassCalibrator.cpp.o)
                0x0000000000019db4                int EventModel::listen<MicroBitCompassCalibrator>(unsigned short, unsigned short, MicroBitCompassCalibrator*, void (MicroBitCompassCalibrator::*)(MicroBitEvent), unsigned short)
 .text._ZN25MicroBitCompassCalibratorC2ER15MicroBitCompassR21MicroBitAccelerometerR15MicroBitDisplayR15MicroBitStorage
                0x0000000000019e60       0x80 ym/microbit-dal/source/microbit-dal.a(MicroBitCompassCalibrator.cpp.o)
                0x0000000000019e60                MicroBitCompassCalibrator::MicroBitCompassCalibrator(MicroBitCompass&, MicroBitAccelerometer&, MicroBitDisplay&, MicroBitStorage&)
                0x0000000000019e60                MicroBitCompassCalibrator::MicroBitCompassCalibrator(MicroBitCompass&, MicroBitAccelerometer&, MicroBitDisplay&, MicroBitStorage&)
 .text._ZN15MicroBitDisplay15renderGreyscaleEv
                0x0000000000019ee0       0xfc ym/microbit-dal/source/microbit-dal.a(MicroBitDisplay.cpp.o)
                0x0000000000019ee0                MicroBitDisplay::renderGreyscale()
 .text._ZN4mbed6TickerD2Ev
                0x0000000000019fdc       0x1c ym/microbit-dal/source/microbit-dal.a(MicroBitDisplay.cpp.o)
                0x0000000000019fdc                mbed::Ticker::~Ticker()
                0x0000000000019fdc                mbed::Ticker::~Ticker()
 .text._ZN15MicroBitDisplayD2Ev
                0x0000000000019ff8       0x48 ym/microbit-dal/source/microbit-dal.a(MicroBitDisplay.cpp.o)
                0x0000000000019ff8                MicroBitDisplay::~MicroBitDisplay()
                0x0000000000019ff8                MicroBitDisplay::~MicroBitDisplay()
 .text._ZN15MicroBitDisplayC2EtRK9MatrixMap
                0x000000000001a040       0xd8 ym/microbit-dal/source/microbit-dal.a(MicroBitDisplay.cpp.o)
                0x000000000001a040                MicroBitDisplay::MicroBitDisplay(unsigned short, MatrixMap const&)
                0x000000000001a040                MicroBitDisplay::MicroBitDisplay(unsigned short, MatrixMap const&)
 .text._ZN15MicroBitDisplay6renderEv
                0x000000000001a118       0xf4 ym/microbit-dal/source/microbit-dal.a(MicroBitDisplay.cpp.o)
                0x000000000001a118                MicroBitDisplay::render()
 .text._ZN15MicroBitDisplay26sendAnimationCompleteEventEv
                0x000000000001a20c       0x24 ym/microbit-dal/source/microbit-dal.a(MicroBitDisplay.cpp.o)
                0x000000000001a20c                MicroBitDisplay::sendAnimationCompleteEvent()
 .text._ZN15MicroBitDisplay13stopAnimationEv
                0x000000000001a230       0x38 ym/microbit-dal/source/microbit-dal.a(MicroBitDisplay.cpp.o)
                0x000000000001a230                MicroBitDisplay::stopAnimation()
 .text._ZN15MicroBitDisplay18waitForFreeDisplayEv
                0x000000000001a268       0x20 ym/microbit-dal/source/microbit-dal.a(MicroBitDisplay.cpp.o)
                0x000000000001a268                MicroBitDisplay::waitForFreeDisplay()
 .text._ZN15MicroBitDisplay9fiberWaitEv
                0x000000000001a288       0x2c ym/microbit-dal/source/microbit-dal.a(MicroBitDisplay.cpp.o)
                0x000000000001a288                MicroBitDisplay::fiberWait()
 .text._ZN15MicroBitDisplay14printCharAsyncEci
                0x000000000001a2b4       0x4c ym/microbit-dal/source/microbit-dal.a(MicroBitDisplay.cpp.o)
                0x000000000001a2b4                MicroBitDisplay::printCharAsync(char, int)
 .text._ZN15MicroBitDisplay10printAsyncE13ManagedStringi
                0x000000000001a300       0x6c ym/microbit-dal/source/microbit-dal.a(MicroBitDisplay.cpp.o)
                0x000000000001a300                MicroBitDisplay::printAsync(ManagedString, int)
 .text._ZN15MicroBitDisplay10printAsyncE13MicroBitImageiiii
                0x000000000001a36c       0x54 ym/microbit-dal/source/microbit-dal.a(MicroBitDisplay.cpp.o)
                0x000000000001a36c                MicroBitDisplay::printAsync(MicroBitImage, int, int, int, int)
 .text._ZN15MicroBitDisplay5printE13ManagedStringi
                0x000000000001a3c0       0x68 ym/microbit-dal/source/microbit-dal.a(MicroBitDisplay.cpp.o)
                0x000000000001a3c0                MicroBitDisplay::print(ManagedString, int)
 .text._ZN15MicroBitDisplay5printE13MicroBitImageiiii
                0x000000000001a428       0x64 ym/microbit-dal/source/microbit-dal.a(MicroBitDisplay.cpp.o)
                0x000000000001a428                MicroBitDisplay::print(MicroBitImage, int, int, int, int)
 .text._ZN15MicroBitDisplay11scrollAsyncE13ManagedStringi
                0x000000000001a48c       0x54 ym/microbit-dal/source/microbit-dal.a(MicroBitDisplay.cpp.o)
                0x000000000001a48c                MicroBitDisplay::scrollAsync(ManagedString, int)
 .text._ZN15MicroBitDisplay6scrollE13ManagedStringi
                0x000000000001a4e0       0x4c ym/microbit-dal/source/microbit-dal.a(MicroBitDisplay.cpp.o)
                0x000000000001a4e0                MicroBitDisplay::scroll(ManagedString, int)
 .text._ZN15MicroBitDisplay12animateAsyncE13MicroBitImageiiii
                0x000000000001a52c       0x74 ym/microbit-dal/source/microbit-dal.a(MicroBitDisplay.cpp.o)
                0x000000000001a52c                MicroBitDisplay::animateAsync(MicroBitImage, int, int, int, int)
 .text._ZN15MicroBitDisplay7animateE13MicroBitImageiiii
                0x000000000001a5a0       0x5c ym/microbit-dal/source/microbit-dal.a(MicroBitDisplay.cpp.o)
                0x000000000001a5a0                MicroBitDisplay::animate(MicroBitImage, int, int, int, int)
 .text._ZN15MicroBitDisplay13setBrightnessEi
                0x000000000001a5fc       0x14 ym/microbit-dal/source/microbit-dal.a(MicroBitDisplay.cpp.o)
                0x000000000001a5fc                MicroBitDisplay::setBrightness(int)
 .text._ZN11MicroBitI2C4readEiPcib
                0x000000000001a610       0x20 ym/microbit-dal/source/microbit-dal.a(MicroBitI2C.cpp.o)
                0x000000000001a610                MicroBitI2C::read(int, char*, int, bool)
 .text._ZN11MicroBitI2C5writeEiPKcib
                0x000000000001a630       0x20 ym/microbit-dal/source/microbit-dal.a(MicroBitI2C.cpp.o)
                0x000000000001a630                MicroBitI2C::write(int, char const*, int, bool)
 .text._ZN11MicroBitI2C12readRegisterEhhPhi
                0x000000000001a650       0x4c ym/microbit-dal/source/microbit-dal.a(MicroBitI2C.cpp.o)
                0x000000000001a650                MicroBitI2C::readRegister(unsigned char, unsigned char, unsigned char*, int)
 .text._ZN18MicroBitMessageBus6removeEP16MicroBitListener
                0x000000000001a69c       0x94 ym/microbit-dal/source/microbit-dal.a(MicroBitMessageBus.cpp.o)
                0x000000000001a69c                MicroBitMessageBus::remove(MicroBitListener*)
 .text._ZN18MicroBitMessageBus3addEP16MicroBitListener
                0x000000000001a730       0xd8 ym/microbit-dal/source/microbit-dal.a(MicroBitMessageBus.cpp.o)
                0x000000000001a730                MicroBitMessageBus::add(MicroBitListener*)
 .text._ZN18MicroBitMessageBusD2Ev
                0x000000000001a808       0x20 ym/microbit-dal/source/microbit-dal.a(MicroBitMessageBus.cpp.o)
                0x000000000001a808                MicroBitMessageBus::~MicroBitMessageBus()
                0x000000000001a808                MicroBitMessageBus::~MicroBitMessageBus()
 .text._ZThn8_N18MicroBitMessageBusD1Ev
                0x000000000001a828       0x10 ym/microbit-dal/source/microbit-dal.a(MicroBitMessageBus.cpp.o)
                0x000000000001a828                non-virtual thunk to MicroBitMessageBus::~MicroBitMessageBus()
 .text._ZThn8_N18MicroBitMessageBusD0Ev
                0x000000000001a838       0x10 ym/microbit-dal/source/microbit-dal.a(MicroBitMessageBus.cpp.o)
                0x000000000001a838                non-virtual thunk to MicroBitMessageBus::~MicroBitMessageBus()
 .text._ZN18MicroBitMessageBusC2Ev
                0x000000000001a848       0x3c ym/microbit-dal/source/microbit-dal.a(MicroBitMessageBus.cpp.o)
                0x000000000001a848                MicroBitMessageBus::MicroBitMessageBus()
                0x000000000001a848                MicroBitMessageBus::MicroBitMessageBus()
 .text._ZN18MicroBitMessageBus7processER13MicroBitEventb
                0x000000000001a884       0x84 ym/microbit-dal/source/microbit-dal.a(MicroBitMessageBus.cpp.o)
                0x000000000001a884                MicroBitMessageBus::process(MicroBitEvent&, bool)
 .text._ZThn8_N18MicroBitMessageBus8idleTickEv
                0x000000000001a908       0x10 ym/microbit-dal/source/microbit-dal.a(MicroBitMessageBus.cpp.o)
                0x000000000001a908                non-virtual thunk to MicroBitMessageBus::idleTick()
 .text._ZN10EventModel6listenI19MicroBitMultiButtonEEittPT_MS2_Fv13MicroBitEventEt
                0x000000000001a918       0xac ym/microbit-dal/source/microbit-dal.a(MicroBitMultiButton.cpp.o)
                0x000000000001a918                int EventModel::listen<MicroBitMultiButton>(unsigned short, unsigned short, MicroBitMultiButton*, void (MicroBitMultiButton::*)(MicroBitEvent), unsigned short)
 .text._ZN19MicroBitMultiButtonC2Ettt
                0x000000000001a9c4       0x70 ym/microbit-dal/source/microbit-dal.a(MicroBitMultiButton.cpp.o)
                0x000000000001a9c4                MicroBitMultiButton::MicroBitMultiButton(unsigned short, unsigned short, unsigned short)
                0x000000000001a9c4                MicroBitMultiButton::MicroBitMultiButton(unsigned short, unsigned short, unsigned short)
 .text._ZN11MicroBitPinC2Ei7PinName13PinCapability
                0x000000000001aa34       0x1c ym/microbit-dal/source/microbit-dal.a(MicroBitPin.cpp.o)
                0x000000000001aa34                MicroBitPin::MicroBitPin(int, PinName, PinCapability)
                0x000000000001aa34                MicroBitPin::MicroBitPin(int, PinName, PinCapability)
 .text._ZN11MicroBitPin10disconnectEv
                0x000000000001aa50       0x7c ym/microbit-dal/source/microbit-dal.a(MicroBitPin.cpp.o)
                0x000000000001aa50                MicroBitPin::disconnect()
 .text._ZN11MicroBitPin15getDigitalValueEv
                0x000000000001aacc       0x6c ym/microbit-dal/source/microbit-dal.a(MicroBitPin.cpp.o)
                0x000000000001aacc                MicroBitPin::getDigitalValue()
 .text._ZN11MicroBitPin7setPullE7PinMode
                0x000000000001ab38       0x2c ym/microbit-dal/source/microbit-dal.a(MicroBitPin.cpp.o)
                0x000000000001ab38                MicroBitPin::setPull(PinMode)
 .text._ZN13MicroBitRadioC2Et
                0x000000000001ab64       0x40 ym/microbit-dal/source/microbit-dal.a(MicroBitRadio.cpp.o)
                0x000000000001ab64                MicroBitRadio::MicroBitRadio(unsigned short)
                0x000000000001ab64                MicroBitRadio::MicroBitRadio(unsigned short)
 .text._ZN13MicroBitRadio7setRSSIEi
                0x000000000001aba4       0x14 ym/microbit-dal/source/microbit-dal.a(MicroBitRadio.cpp.o)
                0x000000000001aba4                MicroBitRadio::setRSSI(int)
 .text._ZN13MicroBitRadio7getRSSIEv
                0x000000000001abb8       0x14 ym/microbit-dal/source/microbit-dal.a(MicroBitRadio.cpp.o)
                0x000000000001abb8                MicroBitRadio::getRSSI()
 .text._ZN13MicroBitRadio10queueRxBufEv
                0x000000000001abcc       0x60 ym/microbit-dal/source/microbit-dal.a(MicroBitRadio.cpp.o)
                0x000000000001abcc                MicroBitRadio::queueRxBuf()
 .text.RADIO_IRQHandler
                0x000000000001ac2c       0x64 ym/microbit-dal/source/microbit-dal.a(MicroBitRadio.cpp.o)
                0x000000000001ac2c                RADIO_IRQHandler
 .text._ZN13MicroBitRadio4recvEv
                0x000000000001ac90       0x28 ym/microbit-dal/source/microbit-dal.a(MicroBitRadio.cpp.o)
                0x000000000001ac90                MicroBitRadio::recv()
 .text._ZN14MicroBitSerial4baudEi
                0x000000000001acb8       0x14 ym/microbit-dal/source/microbit-dal.a(MicroBitSerial.cpp.o)
                0x000000000001acb8                MicroBitSerial::baud(int)
 .text._ZN14MicroBitSerialC2E7PinNameS0_hh
                0x000000000001accc       0x50 ym/microbit-dal/source/microbit-dal.a(MicroBitSerial.cpp.o)
                0x000000000001accc                MicroBitSerial::MicroBitSerial(PinName, PinName, unsigned char, unsigned char)
                0x000000000001accc                MicroBitSerial::MicroBitSerial(PinName, PinName, unsigned char, unsigned char)
 .text._ZN15MicroBitStorage4sizeEv
                0x000000000001ad1c       0x60 ym/microbit-dal/source/microbit-dal.a(MicroBitStorage.cpp.o)
                0x000000000001ad1c                MicroBitStorage::size()
 .text._ZN15MicroBitStorage3putEPKcPhi
                0x000000000001ad7c      0x1a8 ym/microbit-dal/source/microbit-dal.a(MicroBitStorage.cpp.o)
                0x000000000001ad7c                MicroBitStorage::put(char const*, unsigned char*, int)
 .text._ZN15MicroBitStorage6removeEPKc
                0x000000000001af24       0xd8 ym/microbit-dal/source/microbit-dal.a(MicroBitStorage.cpp.o)
                0x000000000001af24                MicroBitStorage::remove(char const*)
 .text._ZN19MicroBitThermometerC2ER15MicroBitStoraget
                0x000000000001affc       0x48 ym/microbit-dal/source/microbit-dal.a(MicroBitThermometer.cpp.o)
                0x000000000001affc                MicroBitThermometer::MicroBitThermometer(MicroBitStorage&, unsigned short)
                0x000000000001affc                MicroBitThermometer::MicroBitThermometer(MicroBitStorage&, unsigned short)
 .text._ZN19MicroBitThermometer12updateSampleEv
                0x000000000001b044       0x8c ym/microbit-dal/source/microbit-dal.a(MicroBitThermometer.cpp.o)
                0x000000000001b044                MicroBitThermometer::updateSample()
 .text._ZL18nvmc_event_handlerm
                0x000000000001b0d0       0x10 ym/microbit-dal/source/microbit-dal.a(MicroBitFlash.cpp.o)
 .text._ZN13MicroBitFlashC2Ev
                0x000000000001b0e0       0x24 ym/microbit-dal/source/microbit-dal.a(MicroBitFlash.cpp.o)
                0x000000000001b0e0                MicroBitFlash::MicroBitFlash()
                0x000000000001b0e0                MicroBitFlash::MicroBitFlash()
 .text._ZN13MicroBitFlash10erase_pageEPm
                0x000000000001b104       0x6c ym/microbit-dal/source/microbit-dal.a(MicroBitFlash.cpp.o)
                0x000000000001b104                MicroBitFlash::erase_page(unsigned long*)
 .text._ZN13MicroBitFlash10flash_burnEPmS0_i
                0x000000000001b170       0x7c ym/microbit-dal/source/microbit-dal.a(MicroBitFlash.cpp.o)
                0x000000000001b170                MicroBitFlash::flash_burn(unsigned long*, unsigned long*, int)
 .text._ZThn68_N8FXOS87008idleTickEv
                0x000000000001b1ec       0x10 ym/microbit-dal/source/microbit-dal.a(FXOS8700.cpp.o)
                0x000000000001b1ec                non-virtual thunk to FXOS8700::idleTick()
 .text._ZN8FXOS87009configureEv
                0x000000000001b1fc       0xe4 ym/microbit-dal/source/microbit-dal.a(FXOS8700.cpp.o)
                0x000000000001b1fc                FXOS8700::configure()
 .text._ZThn68_N8FXOS87009configureEv
                0x000000000001b2e0       0x10 ym/microbit-dal/source/microbit-dal.a(FXOS8700.cpp.o)
                0x000000000001b2e0                non-virtual thunk to FXOS8700::configure()
 .text._ZN8FXOS8700D2Ev
                0x000000000001b2f0       0x24 ym/microbit-dal/source/microbit-dal.a(FXOS8700.cpp.o)
                0x000000000001b2f0                FXOS8700::~FXOS8700()
                0x000000000001b2f0                FXOS8700::~FXOS8700()
 .text._ZThn68_N8FXOS8700D1Ev
                0x000000000001b314       0x10 ym/microbit-dal/source/microbit-dal.a(FXOS8700.cpp.o)
                0x000000000001b314                non-virtual thunk to FXOS8700::~FXOS8700()
 .text._ZThn68_N8FXOS8700D0Ev
                0x000000000001b324       0x10 ym/microbit-dal/source/microbit-dal.a(FXOS8700.cpp.o)
                0x000000000001b324                non-virtual thunk to FXOS8700::~FXOS8700()
 .text._ZN8FXOS870013requestUpdateEv
                0x000000000001b334       0xfc ym/microbit-dal/source/microbit-dal.a(FXOS8700.cpp.o)
                0x000000000001b334                FXOS8700::requestUpdate()
 .text._ZThn68_N8FXOS870013requestUpdateEv
                0x000000000001b430       0x10 ym/microbit-dal/source/microbit-dal.a(FXOS8700.cpp.o)
                0x000000000001b430                non-virtual thunk to FXOS8700::requestUpdate()
 .text._ZN8FXOS8700C2ER11MicroBitI2C11MicroBitPinR15CoordinateSpacettt
                0x000000000001b440       0x80 ym/microbit-dal/source/microbit-dal.a(FXOS8700.cpp.o)
                0x000000000001b440                FXOS8700::FXOS8700(MicroBitI2C&, MicroBitPin, CoordinateSpace&, unsigned short, unsigned short, unsigned short)
                0x000000000001b440                FXOS8700::FXOS8700(MicroBitI2C&, MicroBitPin, CoordinateSpace&, unsigned short, unsigned short, unsigned short)
 .text._ZN7MMA86539configureEv
                0x000000000001b4c0       0xb4 ym/microbit-dal/source/microbit-dal.a(MMA8653.cpp.o)
                0x000000000001b4c0                MMA8653::configure()
 .text._ZN7MMA8653D2Ev
                0x000000000001b574       0x18 ym/microbit-dal/source/microbit-dal.a(MMA8653.cpp.o)
                0x000000000001b574                MMA8653::~MMA8653()
                0x000000000001b574                MMA8653::~MMA8653()
 .text._ZN7MMA865313requestUpdateEv
                0x000000000001b58c       0x78 ym/microbit-dal/source/microbit-dal.a(MMA8653.cpp.o)
                0x000000000001b58c                MMA8653::requestUpdate()
 .text._ZN7MMA8653C2ER11MicroBitI2C11MicroBitPinR15CoordinateSpacett
                0x000000000001b604       0x5c ym/microbit-dal/source/microbit-dal.a(MMA8653.cpp.o)
                0x000000000001b604                MMA8653::MMA8653(MicroBitI2C&, MicroBitPin, CoordinateSpace&, unsigned short, unsigned short)
                0x000000000001b604                MMA8653::MMA8653(MicroBitI2C&, MicroBitPin, CoordinateSpace&, unsigned short, unsigned short)
 .text._ZN7MAG3110D2Ev
                0x000000000001b660       0x18 ym/microbit-dal/source/microbit-dal.a(MAG3110.cpp.o)
                0x000000000001b660                MAG3110::~MAG3110()
                0x000000000001b660                MAG3110::~MAG3110()
 .text._ZN7MAG31109configureEv
                0x000000000001b678       0xa4 ym/microbit-dal/source/microbit-dal.a(MAG3110.cpp.o)
                0x000000000001b678                MAG3110::configure()
 .text._ZN7MAG311013requestUpdateEv
                0x000000000001b71c       0x90 ym/microbit-dal/source/microbit-dal.a(MAG3110.cpp.o)
                0x000000000001b71c                MAG3110::requestUpdate()
 .text._ZN7MAG3110C2ER11MicroBitI2C11MicroBitPinR15CoordinateSpacett
                0x000000000001b7ac       0x54 ym/microbit-dal/source/microbit-dal.a(MAG3110.cpp.o)
                0x000000000001b7ac                MAG3110::MAG3110(MicroBitI2C&, MicroBitPin, CoordinateSpace&, unsigned short, unsigned short)
                0x000000000001b7ac                MAG3110::MAG3110(MicroBitI2C&, MicroBitPin, CoordinateSpace&, unsigned short, unsigned short)
 .text._ZN19LSM303Accelerometer9configureEv
                0x000000000001b800       0x94 ym/microbit-dal/source/microbit-dal.a(LSM303Accelerometer.cpp.o)
                0x000000000001b800                LSM303Accelerometer::configure()
 .text._ZN19LSM303AccelerometerD2Ev
                0x000000000001b894       0x18 ym/microbit-dal/source/microbit-dal.a(LSM303Accelerometer.cpp.o)
                0x000000000001b894                LSM303Accelerometer::~LSM303Accelerometer()
                0x000000000001b894                LSM303Accelerometer::~LSM303Accelerometer()
 .text._ZN19LSM303Accelerometer13requestUpdateEv
                0x000000000001b8ac       0x94 ym/microbit-dal/source/microbit-dal.a(LSM303Accelerometer.cpp.o)
                0x000000000001b8ac                LSM303Accelerometer::requestUpdate()
 .text._ZN19LSM303AccelerometerC2ER11MicroBitI2C11MicroBitPinR15CoordinateSpacett
                0x000000000001b940       0x5c ym/microbit-dal/source/microbit-dal.a(LSM303Accelerometer.cpp.o)
                0x000000000001b940                LSM303Accelerometer::LSM303Accelerometer(MicroBitI2C&, MicroBitPin, CoordinateSpace&, unsigned short, unsigned short)
                0x000000000001b940                LSM303Accelerometer::LSM303Accelerometer(MicroBitI2C&, MicroBitPin, CoordinateSpace&, unsigned short, unsigned short)
 .text._ZN18LSM303Magnetometer9configureEv
                0x000000000001b99c       0x60 ym/microbit-dal/source/microbit-dal.a(LSM303Magnetometer.cpp.o)
                0x000000000001b99c                LSM303Magnetometer::configure()
 .text._ZN18LSM303MagnetometerD2Ev
                0x000000000001b9fc       0x18 ym/microbit-dal/source/microbit-dal.a(LSM303Magnetometer.cpp.o)
                0x000000000001b9fc                LSM303Magnetometer::~LSM303Magnetometer()
                0x000000000001b9fc                LSM303Magnetometer::~LSM303Magnetometer()
 .text._ZN18LSM303Magnetometer13requestUpdateEv
                0x000000000001ba14       0x70 ym/microbit-dal/source/microbit-dal.a(LSM303Magnetometer.cpp.o)
                0x000000000001ba14                LSM303Magnetometer::requestUpdate()
 .text._ZN18LSM303MagnetometerC2ER11MicroBitI2C11MicroBitPinR15CoordinateSpacett
                0x000000000001ba84       0x54 ym/microbit-dal/source/microbit-dal.a(LSM303Magnetometer.cpp.o)
                0x000000000001ba84                LSM303Magnetometer::LSM303Magnetometer(MicroBitI2C&, MicroBitPin, CoordinateSpace&, unsigned short, unsigned short)
                0x000000000001ba84                LSM303Magnetometer::LSM303Magnetometer(MicroBitI2C&, MicroBitPin, CoordinateSpace&, unsigned short, unsigned short)
 .text._ZN18GattCharacteristicC2ERK4UUIDPhtthPP13GattAttributejb
                0x000000000001bad8       0x94 ym/microbit-dal/source/microbit-dal.a(MicroBitAccelerometerService.cpp.o)
                0x000000000001bad8                GattCharacteristic::GattCharacteristic(UUID const&, unsigned char*, unsigned short, unsigned short, unsigned char, GattAttribute**, unsigned int, bool)
                0x000000000001bad8                GattCharacteristic::GattCharacteristic(UUID const&, unsigned char*, unsigned short, unsigned short, unsigned char, GattAttribute**, unsigned int, bool)
 .text._ZN28MicroBitAccelerometerServiceC2ER3BLER21MicroBitAccelerometer
                0x000000000001bb6c      0x1d0 ym/microbit-dal/source/microbit-dal.a(MicroBitAccelerometerService.cpp.o)
                0x000000000001bb6c                MicroBitAccelerometerService::MicroBitAccelerometerService(BLE&, MicroBitAccelerometer&)
                0x000000000001bb6c                MicroBitAccelerometerService::MicroBitAccelerometerService(BLE&, MicroBitAccelerometer&)
 .text._ZN18MicroBitBLEManagerD2Ev
                0x000000000001bd3c       0x20 ym/microbit-dal/source/microbit-dal.a(MicroBitBLEManager.cpp.o)
                0x000000000001bd3c                MicroBitBLEManager::~MicroBitBLEManager()
                0x000000000001bd3c                MicroBitBLEManager::~MicroBitBLEManager()
 .text._ZL25bleSysAttrMissingCallbackPK32GattSysAttrMissingCallbackParams
                0x000000000001bd5c       0xc8 ym/microbit-dal/source/microbit-dal.a(MicroBitBLEManager.cpp.o)
 .text._ZN18MicroBitBLEManager8idleTickEv
                0x000000000001be24      0x114 ym/microbit-dal/source/microbit-dal.a(MicroBitBLEManager.cpp.o)
                0x000000000001be24                MicroBitBLEManager::idleTick()
 .text._ZN18GapAdvertisingData8addFieldENS_10DataType_tEPKhhPh
                0x000000000001bf38       0xa8 ym/microbit-dal/source/microbit-dal.a(MicroBitBLEManager.cpp.o)
                0x000000000001bf38                GapAdvertisingData::addField(GapAdvertisingData::DataType_t, unsigned char const*, unsigned char, unsigned char*)
 .text._ZN3Gap22setAdvertisingIntervalEt
                0x000000000001bfe0       0x38 ym/microbit-dal/source/microbit-dal.a(MicroBitBLEManager.cpp.o)
                0x000000000001bfe0                Gap::setAdvertisingInterval(unsigned short)
 .text._ZN24DeviceInformationServiceC2ER3BLEPKcS3_S3_S3_S3_S3_
                0x000000000001c018      0x1dc ym/microbit-dal/source/microbit-dal.a(MicroBitBLEManager.cpp.o)
                0x000000000001c018                DeviceInformationService::DeviceInformationService(BLE&, char const*, char const*, char const*, char const*, char const*, char const*)
                0x000000000001c018                DeviceInformationService::DeviceInformationService(BLE&, char const*, char const*, char const*, char const*, char const*, char const*)
 .text._ZN18MicroBitBLEManagerC2ER15MicroBitStorage
                0x000000000001c1f4       0x3c ym/microbit-dal/source/microbit-dal.a(MicroBitBLEManager.cpp.o)
                0x000000000001c1f4                MicroBitBLEManager::MicroBitBLEManager(MicroBitStorage&)
                0x000000000001c1f4                MicroBitBLEManager::MicroBitBLEManager(MicroBitStorage&)
 .text._ZL24bleDisconnectionCallbackPKN3Gap29DisconnectionCallbackParams_tE
                0x000000000001c230       0x3c ym/microbit-dal/source/microbit-dal.a(MicroBitBLEManager.cpp.o)
 .text._ZN18MicroBitBLEManager16setTransmitPowerEi
                0x000000000001c26c       0x34 ym/microbit-dal/source/microbit-dal.a(MicroBitBLEManager.cpp.o)
                0x000000000001c26c                MicroBitBLEManager::setTransmitPower(int)
 .text._ZN18MicroBitBLEManager4initE13ManagedStringS0_R10EventModelb
                0x000000000001c2a0      0x2b0 ym/microbit-dal/source/microbit-dal.a(MicroBitBLEManager.cpp.o)
                0x000000000001c2a0                MicroBitBLEManager::init(ManagedString, ManagedString, EventModel&, bool)
 .text._ZL22passkeyDisplayCallbacktPKh
                0x000000000001c550       0x34 ym/microbit-dal/source/microbit-dal.a(MicroBitBLEManager.cpp.o)
 .text._ZL30securitySetupCompletedCallbacktN15SecurityManager26SecurityCompletionStatus_tE
                0x000000000001c584       0x40 ym/microbit-dal/source/microbit-dal.a(MicroBitBLEManager.cpp.o)
 .text._ZN18MicroBitBLEManager27showManagementModeAnimationER15MicroBitDisplay
                0x000000000001c5c4       0xa8 ym/microbit-dal/source/microbit-dal.a(MicroBitBLEManager.cpp.o)
                0x000000000001c5c4                MicroBitBLEManager::showManagementModeAnimation(MicroBitDisplay&)
 .text._ZN18MicroBitBLEManager11pairingModeER15MicroBitDisplayR14MicroBitButton
                0x000000000001c66c      0x250 ym/microbit-dal/source/microbit-dal.a(MicroBitBLEManager.cpp.o)
                0x000000000001c66c                MicroBitBLEManager::pairingMode(MicroBitDisplay&, MicroBitButton&)
 .text          0x000000000001c8bc      0x124 ym/microbit-dal/source/microbit-dal.a(CortexContextSwitch.s.obj)
                0x000000000001c8bc                swap_context
                0x000000000001c93e                save_context
                0x000000000001c982                save_register_context
                0x000000000001c9b2                restore_register_context
 .text._Z14string_reversePc
                0x000000000001c9e0       0x2c ym/microbit-dal/source/microbit-dal.a(MicroBitCompat.cpp.o)
                0x000000000001c9e0                string_reverse(char*)
 .text._Z4itoaiPc
                0x000000000001ca0c       0x68 ym/microbit-dal/source/microbit-dal.a(MicroBitCompat.cpp.o)
                0x000000000001ca0c                itoa(int, char*)
 .text._ZNK13KeyValueTable4findEm
                0x000000000001ca74       0x28 ym/microbit-dal/source/microbit-dal.a(MicroBitUtil.cpp.o)
                0x000000000001ca74                KeyValueTable::find(unsigned long) const
 .text._ZN3BLE8InstanceEj
                0x000000000001ca9c       0x5c ym/ble/source/ble.a(BLE.cpp.o)
                0x000000000001ca9c                BLE::Instance(unsigned int)
 .text._ZN3BLEC2Ej
                0x000000000001caf8       0x2c ym/ble/source/ble.a(BLE.cpp.o)
                0x000000000001caf8                BLE::BLE(unsigned int)
                0x000000000001caf8                BLE::BLE(unsigned int)
 .text._ZNK3BLE3gapEv
                0x000000000001cb24       0x20 ym/ble/source/ble.a(BLE.cpp.o)
                0x000000000001cb24                BLE::gap() const
 .text._ZNK3BLE10gattServerEv
                0x000000000001cb44       0x20 ym/ble/source/ble.a(BLE.cpp.o)
                0x000000000001cb44                BLE::gattServer() const
 .text._ZNK3BLE15securityManagerEv
                0x000000000001cb64       0x20 ym/ble/source/ble.a(BLE.cpp.o)
                0x000000000001cb64                BLE::securityManager() const
 .text._ZL16sys_evt_dispatchm
                0x000000000001cb84       0x1c ym/ble-nrf51822/source/ble-nrf51822.a(btle.cpp.o)
 .text._ZL12btle_handlerP9ble_evt_t
                0x000000000001cba0      0x17c ym/ble-nrf51822/source/ble-nrf51822.a(btle.cpp.o)
 .text.btle_set_gatt_table_size
                0x000000000001cd1c       0x14 ym/ble-nrf51822/source/ble-nrf51822.a(btle.cpp.o)
                0x000000000001cd1c                btle_set_gatt_table_size
 .text.btle_set_user_evt_handler
                0x000000000001cd30        0xc ym/ble-nrf51822/source/ble-nrf51822.a(btle.cpp.o)
                0x000000000001cd30                btle_set_user_evt_handler
 .text.btle_init
                0x000000000001cd3c       0xa4 ym/ble-nrf51822/source/ble-nrf51822.a(btle.cpp.o)
                0x000000000001cd3c                btle_init
 .text.app_error_handler
                0x000000000001cde0       0x20 ym/ble-nrf51822/source/ble-nrf51822.a(btle.cpp.o)
                0x000000000001cde0                app_error_handler
 .text._Z13btle_gap_initv
                0x000000000001ce00       0x54 ym/ble-nrf51822/source/ble-nrf51822.a(btle_gap.cpp.o)
                0x000000000001ce00                btle_gap_init()
 .text._ZN8nRF5xGap25getPermittedTxPowerValuesEPPKaPj
                0x000000000001ce54       0x10 ym/ble-nrf51822/source/ble-nrf51822.a(nRF5xGap.cpp.o)
                0x000000000001ce54                nRF5xGap::getPermittedTxPowerValues(signed char const**, unsigned int*)
 .text._Z31radioNotificationStaticCallbackb
                0x000000000001ce64       0x3c ym/ble-nrf51822/source/ble-nrf51822.a(nRF5xGap.cpp.o)
                0x000000000001ce64                radioNotificationStaticCallback(bool)
 .text._ZN8nRF5xGap21initRadioNotificationEv
                0x000000000001cea0       0x1c ym/ble-nrf51822/source/ble-nrf51822.a(nRF5xGap.cpp.o)
                0x000000000001cea0                nRF5xGap::initRadioNotification()
 .text._ZN3Gap5resetEv
                0x000000000001cebc       0xe0 ym/ble-nrf51822/source/ble-nrf51822.a(nRF5xGap.cpp.o)
                0x000000000001cebc                Gap::reset()
 .text._ZN8nRF5xGap22generateStackWhitelistER19ble_gap_whitelist_t
                0x000000000001cf9c       0xe0 ym/ble-nrf51822/source/ble-nrf51822.a(nRF5xGap.cpp.o)
                0x000000000001cf9c                nRF5xGap::generateStackWhitelist(ble_gap_whitelist_t&)
 .text._ZN8nRF5xGap16startAdvertisingERK20GapAdvertisingParams
                0x000000000001d07c       0xac ym/ble-nrf51822/source/ble-nrf51822.a(nRF5xGap.cpp.o)
                0x000000000001d07c                nRF5xGap::startAdvertising(GapAdvertisingParams const&)
 .text._ZN8nRF5xGap7connectEPKhN11BLEProtocol11AddressType4TypeEPKN3Gap18ConnectionParams_tEPK17GapScanningParams
                0x000000000001d128       0xec ym/ble-nrf51822/source/ble-nrf51822.a(nRF5xGap.cpp.o)
                0x000000000001d128                nRF5xGap::connect(unsigned char const*, BLEProtocol::AddressType::Type, Gap::ConnectionParams_t const*, GapScanningParams const*)
 .text._ZL10dm_handlerPK13device_handlePK10dm_event_tm
                0x000000000001d214       0xa4 ym/ble-nrf51822/source/ble-nrf51822.a(btle_security.cpp.o)
 .text._Z27btle_hasInitializedSecurityv
                0x000000000001d2b8        0xc ym/ble-nrf51822/source/ble-nrf51822.a(btle_security.cpp.o)
                0x000000000001d2b8                btle_hasInitializedSecurity()
 .text._Z23btle_initializeSecuritybbN15SecurityManager24SecurityIOCapabilities_tEPKh
                0x000000000001d2c4       0xd8 ym/ble-nrf51822/source/ble-nrf51822.a(btle_security.cpp.o)
                0x000000000001d2c4                btle_initializeSecurity(bool, bool, SecurityManager::SecurityIOCapabilities_t, unsigned char const*)
 .text._Z25btle_purgeAllBondingStatev
                0x000000000001d39c       0x24 ym/ble-nrf51822/source/ble-nrf51822.a(btle_security.cpp.o)
                0x000000000001d39c                btle_purgeAllBondingState()
 .text._Z20btle_getLinkSecuritytPN15SecurityManager20LinkSecurityStatus_tE
                0x000000000001d3c0       0x48 ym/ble-nrf51822/source/ble-nrf51822.a(btle_security.cpp.o)
                0x000000000001d3c0                btle_getLinkSecurity(unsigned short, SecurityManager::LinkSecurityStatus_t*)
 .text._Z20btle_setLinkSecuritytN15SecurityManager14SecurityMode_tE
                0x000000000001d408       0x4c ym/ble-nrf51822/source/ble-nrf51822.a(btle_security.cpp.o)
                0x000000000001d408                btle_setLinkSecurity(unsigned short, SecurityManager::SecurityMode_t)
 .text._Z33btle_createWhitelistFromBondTableP19ble_gap_whitelist_t
                0x000000000001d454       0x30 ym/ble-nrf51822/source/ble-nrf51822.a(btle_security.cpp.o)
                0x000000000001d454                btle_createWhitelistFromBondTable(ble_gap_whitelist_t*)
 .text._ZNK3Gap25getMaxAdvertisingIntervalEv
                0x000000000001d484        0x8 ym/ble-nrf51822/source/ble-nrf51822.a(nRF5xn.cpp.o)
                0x000000000001d484                Gap::getMaxAdvertisingInterval() const
 .text._ZN10GattClient16discoverServicesEt26FunctionPointerWithContextIPK17DiscoveredServiceERK4UUID
                0x000000000001d48c       0x60 ym/ble-nrf51822/source/ble-nrf51822.a(nRF5xn.cpp.o)
                0x000000000001d48c                GattClient::discoverServices(unsigned short, FunctionPointerWithContext<DiscoveredService const*>, UUID const&)
 .text._ZNK6nRF5xn18getSecurityManagerEv
                0x000000000001d4ec       0x34 ym/ble-nrf51822/source/ble-nrf51822.a(nRF5xn.cpp.o)
                0x000000000001d4ec                nRF5xn::getSecurityManager() const
 .text._ZN6nRF5xn13getGattClientEv
                0x000000000001d520       0x48 ym/ble-nrf51822/source/ble-nrf51822.a(nRF5xn.cpp.o)
                0x000000000001d520                nRF5xn::getGattClient()
 .text._ZN6nRF5xn10getVersionEv
                0x000000000001d568       0x74 ym/ble-nrf51822/source/ble-nrf51822.a(nRF5xn.cpp.o)
                0x000000000001d568                nRF5xn::getVersion()
 .text._ZN38CallChainOfFunctionPointersWithContextIPK23GattWriteCallbackParamsED2Ev
                0x000000000001d5dc       0x14 ym/ble-nrf51822/source/ble-nrf51822.a(nRF5xn.cpp.o)
                0x000000000001d5dc                CallChainOfFunctionPointersWithContext<GattWriteCallbackParams const*>::~CallChainOfFunctionPointersWithContext()
                0x000000000001d5dc                CallChainOfFunctionPointersWithContext<GattWriteCallbackParams const*>::~CallChainOfFunctionPointersWithContext()
 .text._ZN38CallChainOfFunctionPointersWithContextIPK22GattReadCallbackParamsED2Ev
                0x000000000001d5f0       0x14 ym/ble-nrf51822/source/ble-nrf51822.a(nRF5xn.cpp.o)
                0x000000000001d5f0                CallChainOfFunctionPointersWithContext<GattReadCallbackParams const*>::~CallChainOfFunctionPointersWithContext()
                0x000000000001d5f0                CallChainOfFunctionPointersWithContext<GattReadCallbackParams const*>::~CallChainOfFunctionPointersWithContext()
 .text._ZN38CallChainOfFunctionPointersWithContextIjED2Ev
                0x000000000001d604       0x20 ym/ble-nrf51822/source/ble-nrf51822.a(nRF5xn.cpp.o)
                0x000000000001d604                CallChainOfFunctionPointersWithContext<unsigned int>::~CallChainOfFunctionPointersWithContext()
                0x000000000001d604                CallChainOfFunctionPointersWithContext<unsigned int>::~CallChainOfFunctionPointersWithContext()
 .text._ZN38CallChainOfFunctionPointersWithContextIPK32GattSysAttrMissingCallbackParamsED2Ev
                0x000000000001d624       0x20 ym/ble-nrf51822/source/ble-nrf51822.a(nRF5xn.cpp.o)
                0x000000000001d624                CallChainOfFunctionPointersWithContext<GattSysAttrMissingCallbackParams const*>::~CallChainOfFunctionPointersWithContext()
                0x000000000001d624                CallChainOfFunctionPointersWithContext<GattSysAttrMissingCallbackParams const*>::~CallChainOfFunctionPointersWithContext()
 .text._ZN38CallChainOfFunctionPointersWithContextIPK10GattServerED2Ev
                0x000000000001d644       0x20 ym/ble-nrf51822/source/ble-nrf51822.a(nRF5xn.cpp.o)
                0x000000000001d644                CallChainOfFunctionPointersWithContext<GattServer const*>::~CallChainOfFunctionPointersWithContext()
                0x000000000001d644                CallChainOfFunctionPointersWithContext<GattServer const*>::~CallChainOfFunctionPointersWithContext()
 .text._ZN38CallChainOfFunctionPointersWithContextIPK21GattHVXCallbackParamsED2Ev
                0x000000000001d664       0x20 ym/ble-nrf51822/source/ble-nrf51822.a(nRF5xn.cpp.o)
                0x000000000001d664                CallChainOfFunctionPointersWithContext<GattHVXCallbackParams const*>::~CallChainOfFunctionPointersWithContext()
                0x000000000001d664                CallChainOfFunctionPointersWithContext<GattHVXCallbackParams const*>::~CallChainOfFunctionPointersWithContext()
 .text._ZN38CallChainOfFunctionPointersWithContextIPK10GattClientED2Ev
                0x000000000001d684       0x20 ym/ble-nrf51822/source/ble-nrf51822.a(nRF5xn.cpp.o)
                0x000000000001d684                CallChainOfFunctionPointersWithContext<GattClient const*>::~CallChainOfFunctionPointersWithContext()
                0x000000000001d684                CallChainOfFunctionPointersWithContext<GattClient const*>::~CallChainOfFunctionPointersWithContext()
 .text._ZN38CallChainOfFunctionPointersWithContextIN3Gap15TimeoutSource_tEED2Ev
                0x000000000001d6a4       0x20 ym/ble-nrf51822/source/ble-nrf51822.a(nRF5xn.cpp.o)
                0x000000000001d6a4                CallChainOfFunctionPointersWithContext<Gap::TimeoutSource_t>::~CallChainOfFunctionPointersWithContext()
                0x000000000001d6a4                CallChainOfFunctionPointersWithContext<Gap::TimeoutSource_t>::~CallChainOfFunctionPointersWithContext()
 .text._ZN38CallChainOfFunctionPointersWithContextIPKN3Gap26ConnectionCallbackParams_tEED2Ev
                0x000000000001d6c4       0x20 ym/ble-nrf51822/source/ble-nrf51822.a(nRF5xn.cpp.o)
                0x000000000001d6c4                CallChainOfFunctionPointersWithContext<Gap::ConnectionCallbackParams_t const*>::~CallChainOfFunctionPointersWithContext()
                0x000000000001d6c4                CallChainOfFunctionPointersWithContext<Gap::ConnectionCallbackParams_t const*>::~CallChainOfFunctionPointersWithContext()
 .text._ZN38CallChainOfFunctionPointersWithContextIPKN3Gap29DisconnectionCallbackParams_tEED2Ev
                0x000000000001d6e4       0x20 ym/ble-nrf51822/source/ble-nrf51822.a(nRF5xn.cpp.o)
                0x000000000001d6e4                CallChainOfFunctionPointersWithContext<Gap::DisconnectionCallbackParams_t const*>::~CallChainOfFunctionPointersWithContext()
                0x000000000001d6e4                CallChainOfFunctionPointersWithContext<Gap::DisconnectionCallbackParams_t const*>::~CallChainOfFunctionPointersWithContext()
 .text._ZN38CallChainOfFunctionPointersWithContextIPK3GapED2Ev
                0x000000000001d704       0x20 ym/ble-nrf51822/source/ble-nrf51822.a(nRF5xn.cpp.o)
                0x000000000001d704                CallChainOfFunctionPointersWithContext<Gap const*>::~CallChainOfFunctionPointersWithContext()
                0x000000000001d704                CallChainOfFunctionPointersWithContext<Gap const*>::~CallChainOfFunctionPointersWithContext()
 .text._ZN38CallChainOfFunctionPointersWithContextIPK15SecurityManagerED2Ev
                0x000000000001d724       0x20 ym/ble-nrf51822/source/ble-nrf51822.a(nRF5xn.cpp.o)
                0x000000000001d724                CallChainOfFunctionPointersWithContext<SecurityManager const*>::~CallChainOfFunctionPointersWithContext()
                0x000000000001d724                CallChainOfFunctionPointersWithContext<SecurityManager const*>::~CallChainOfFunctionPointersWithContext()
 .text._ZN6nRF5xn18getSecurityManagerEv
                0x000000000001d744       0x34 ym/ble-nrf51822/source/ble-nrf51822.a(nRF5xn.cpp.o)
                0x000000000001d744                nRF5xn::getSecurityManager()
 .text._ZN6nRF5xnD2Ev
                0x000000000001d778       0x54 ym/ble-nrf51822/source/ble-nrf51822.a(nRF5xn.cpp.o)
                0x000000000001d778                nRF5xn::~nRF5xn()
                0x000000000001d778                nRF5xn::~nRF5xn()
 .text._ZN6nRF5xnC2Ev
                0x000000000001d7cc      0x13c ym/ble-nrf51822/source/ble-nrf51822.a(nRF5xn.cpp.o)
                0x000000000001d7cc                nRF5xn::nRF5xn()
                0x000000000001d7cc                nRF5xn::nRF5xn()
 .text._ZN6nRF5xn8InstanceEj
                0x000000000001d908       0x24 ym/ble-nrf51822/source/ble-nrf51822.a(nRF5xn.cpp.o)
                0x000000000001d908                nRF5xn::Instance(unsigned int)
 .text._ZN26FunctionPointerWithContextItEC2EPFvtE
                0x000000000001d92c       0x20 ym/ble-nrf51822/source/ble-nrf51822.a(nRF5xn.cpp.o)
                0x000000000001d92c                FunctionPointerWithContext<unsigned short>::FunctionPointerWithContext(void (*)(unsigned short))
                0x000000000001d92c                FunctionPointerWithContext<unsigned short>::FunctionPointerWithContext(void (*)(unsigned short))
 .text._ZN15nRF5xGattServerC2Ev
                0x000000000001d94c       0xc0 ym/ble-nrf51822/source/ble-nrf51822.a(nRF5xn.cpp.o)
                0x000000000001d94c                nRF5xGattServer::nRF5xGattServer()
                0x000000000001d94c                nRF5xGattServer::nRF5xGattServer()
 .text._ZN15nRF5xGattServer4readEtPhPt
                0x000000000001da0c       0x18 ym/ble-nrf51822/source/ble-nrf51822.a(nRF5xGattServer.cpp.o)
                0x000000000001da0c                nRF5xGattServer::read(unsigned short, unsigned char*, unsigned short*)
 .text._ZN15nRF5xGattServer5writeEtPKhtb
                0x000000000001da24       0x1c ym/ble-nrf51822/source/ble-nrf51822.a(nRF5xGattServer.cpp.o)
                0x000000000001da24                nRF5xGattServer::write(unsigned short, unsigned char const*, unsigned short, bool)
 .text._ZN15nRF5xGattServer5writeEttPKhtb
                0x000000000001da40       0xf0 ym/ble-nrf51822/source/ble-nrf51822.a(nRF5xGattServer.cpp.o)
                0x000000000001da40                nRF5xGattServer::write(unsigned short, unsigned short, unsigned char const*, unsigned short, bool)
 .text._ZN15nRF5xGattServer10addServiceER11GattService
                0x000000000001db30      0x1dc ym/ble-nrf51822/source/ble-nrf51822.a(nRF5xGattServer.cpp.o)
                0x000000000001db30                nRF5xGattServer::addService(GattService&)
 .text._ZN15nRF5xGattServer5resetEv
                0x000000000001dd0c       0x50 ym/ble-nrf51822/source/ble-nrf51822.a(nRF5xGattServer.cpp.o)
                0x000000000001dd0c                nRF5xGattServer::reset()
 .text.custom_convert_to_nordic_uuid
                0x000000000001dd5c       0xa0 ym/ble-nrf51822/source/ble-nrf51822.a(custom_helper.cpp.o)
                0x000000000001dd5c                custom_convert_to_nordic_uuid
 .text.custom_add_in_descriptor
                0x000000000001ddfc       0x6c ym/ble-nrf51822/source/ble-nrf51822.a(custom_helper.cpp.o)
                0x000000000001ddfc                custom_add_in_descriptor
 .text._ZN17GapScanningParamsC2Etttb
                0x000000000001de68       0x68 ym/ble/source/ble.a(GapScanningParams.cpp.o)
                0x000000000001de68                GapScanningParams::GapScanningParams(unsigned short, unsigned short, unsigned short, bool)
                0x000000000001de68                GapScanningParams::GapScanningParams(unsigned short, unsigned short, unsigned short, bool)
 .text.gatts_context_store
                0x000000000001ded0       0xb4 ym/nrf51-sdk/source/nrf51-sdk.a(device_manager_peripheral.c.o)
 .text.device_context_store
                0x000000000001df84       0xb0 ym/nrf51-sdk/source/nrf51-sdk.a(device_manager_peripheral.c.o)
 .text.gatts_context_apply
                0x000000000001e034       0xc0 ym/nrf51-sdk/source/nrf51-sdk.a(device_manager_peripheral.c.o)
 .text.gatts_context_load
                0x000000000001e0f4       0x34 ym/nrf51-sdk/source/nrf51-sdk.a(device_manager_peripheral.c.o)
 .text.peer_instance_init
                0x000000000001e128       0x48 ym/nrf51-sdk/source/nrf51-sdk.a(device_manager_peripheral.c.o)
 .text.device_instance_free
                0x000000000001e170       0x2c ym/nrf51-sdk/source/nrf51-sdk.a(device_manager_peripheral.c.o)
 .text.dm_pstorage_cb_handler
                0x000000000001e19c      0x124 ym/nrf51-sdk/source/nrf51-sdk.a(device_manager_peripheral.c.o)
 .text.dm_init  0x000000000001e2c0       0xd4 ym/nrf51-sdk/source/nrf51-sdk.a(device_manager_peripheral.c.o)
                0x000000000001e2c0                dm_init
 .text.dm_register
                0x000000000001e394       0x74 ym/nrf51-sdk/source/nrf51-sdk.a(device_manager_peripheral.c.o)
                0x000000000001e394                dm_register
 .text.dm_security_status_req
                0x000000000001e408       0x70 ym/nrf51-sdk/source/nrf51-sdk.a(device_manager_peripheral.c.o)
                0x000000000001e408                dm_security_status_req
 .text.dm_whitelist_create
                0x000000000001e478       0xcc ym/nrf51-sdk/source/nrf51-sdk.a(device_manager_peripheral.c.o)
                0x000000000001e478                dm_whitelist_create
 .text.dm_device_delete_all
                0x000000000001e544       0x58 ym/nrf51-sdk/source/nrf51-sdk.a(device_manager_peripheral.c.o)
                0x000000000001e544                dm_device_delete_all
 .text.bond_data_load
                0x000000000001e59c       0x48 ym/nrf51-sdk/source/nrf51-sdk.a(device_manager_peripheral.c.o)
                0x000000000001e59c                bond_data_load
 .text.address_to_device_id
                0x000000000001e5e4       0x2c ym/nrf51-sdk/source/nrf51-sdk.a(device_manager_peripheral.c.o)
                0x000000000001e5e4                address_to_device_id
 .text.dm_ble_evt_handler
                0x000000000001e610      0x380 ym/nrf51-sdk/source/nrf51-sdk.a(device_manager_peripheral.c.o)
                0x000000000001e610                dm_ble_evt_handler
 .text.dm_handle_get
                0x000000000001e990       0x48 ym/nrf51-sdk/source/nrf51-sdk.a(device_manager_peripheral.c.o)
                0x000000000001e990                dm_handle_get
 .text.intern_softdevice_events_execute
                0x000000000001e9d8       0xac ym/nrf51-sdk/source/nrf51-sdk.a(softdevice_handler.c.o)
                0x000000000001e9d8                intern_softdevice_events_execute
 .text.softdevice_handler_init
                0x000000000001ea84       0x48 ym/nrf51-sdk/source/nrf51-sdk.a(softdevice_handler.c.o)
                0x000000000001ea84                softdevice_handler_init
 .text.softdevice_handler_sd_disable
                0x000000000001eacc       0x18 ym/nrf51-sdk/source/nrf51-sdk.a(softdevice_handler.c.o)
                0x000000000001eacc                softdevice_handler_sd_disable
 .text.softdevice_ble_evt_handler_set
                0x000000000001eae4       0x14 ym/nrf51-sdk/source/nrf51-sdk.a(softdevice_handler.c.o)
                0x000000000001eae4                softdevice_ble_evt_handler_set
 .text.softdevice_sys_evt_handler_set
                0x000000000001eaf8       0x14 ym/nrf51-sdk/source/nrf51-sdk.a(softdevice_handler.c.o)
                0x000000000001eaf8                softdevice_sys_evt_handler_set
 .text.SWI2_IRQHandler
                0x000000000001eb0c       0x24 ym/nrf51-sdk/source/nrf51-sdk.a(softdevice_handler.c.o)
                0x000000000001eb0c                SWI2_IRQHandler
 .text.pstorage_flash_page_end
                0x000000000001eb30       0x20 ym/nrf51-sdk/source/nrf51-sdk.a(pstorage.c.o)
 .text.swap_sub_state_entry_action_run
                0x000000000001eb50       0x18 ym/nrf51-sdk/source/nrf51-sdk.a(pstorage.c.o)
 .text.app_notify
                0x000000000001eb68       0x2c ym/nrf51-sdk/source/nrf51-sdk.a(pstorage.c.o)
 .text.is_page_erase_required
                0x000000000001eb94       0x50 ym/nrf51-sdk/source/nrf51-sdk.a(pstorage.c.o)
 .text.swap_sub_state_err_busy_process
                0x000000000001ebe4       0x18 ym/nrf51-sdk/source/nrf51-sdk.a(pstorage.c.o)
 .text.data_to_swap_write_state_run
                0x000000000001ebfc       0x30 ym/nrf51-sdk/source/nrf51-sdk.a(pstorage.c.o)
 .text.swap_erase_state_run
                0x000000000001ec2c       0x24 ym/nrf51-sdk/source/nrf51-sdk.a(pstorage.c.o)
 .text.flash_api_err_code_process
                0x000000000001ec50       0x40 ym/nrf51-sdk/source/nrf51-sdk.a(pstorage.c.o)
 .text.store_cmd_flash_write_execute
                0x000000000001ec90       0x54 ym/nrf51-sdk/source/nrf51-sdk.a(pstorage.c.o)
 .text.state_restore_head_entry_run
                0x000000000001ece4       0x34 ym/nrf51-sdk/source/nrf51-sdk.a(pstorage.c.o)
 .text.state_restore_tail_entry_run
                0x000000000001ed18       0x48 ym/nrf51-sdk/source/nrf51-sdk.a(pstorage.c.o)
 .text.state_write_data_swap_entry_run
                0x000000000001ed60       0x2c ym/nrf51-sdk/source/nrf51-sdk.a(pstorage.c.o)
 .text.state_data_erase_entry_run
                0x000000000001ed8c       0x14 ym/nrf51-sdk/source/nrf51-sdk.a(pstorage.c.o)
 .text.state_entry_action_run
                0x000000000001eda0       0xd0 ym/nrf51-sdk/source/nrf51-sdk.a(pstorage.c.o)
 .text.clear_operation_execute
                0x000000000001ee70      0x144 ym/nrf51-sdk/source/nrf51-sdk.a(pstorage.c.o)
 .text.cmd_process
                0x000000000001efb4       0x44 ym/nrf51-sdk/source/nrf51-sdk.a(pstorage.c.o)
 .text.cmd_queue_enqueue
                0x000000000001eff8       0x54 ym/nrf51-sdk/source/nrf51-sdk.a(pstorage.c.o)
 .text.command_end_procedure_run
                0x000000000001f04c       0x54 ym/nrf51-sdk/source/nrf51-sdk.a(pstorage.c.o)
 .text.clear_post_processing_run
                0x000000000001f0a0       0x2c ym/nrf51-sdk/source/nrf51-sdk.a(pstorage.c.o)
 .text.head_restore_state_run
                0x000000000001f0cc       0x98 ym/nrf51-sdk/source/nrf51-sdk.a(pstorage.c.o)
 .text.tail_restore_state_run
                0x000000000001f164       0x1c ym/nrf51-sdk/source/nrf51-sdk.a(pstorage.c.o)
 .text.data_page_erase_state_run
                0x000000000001f180       0x74 ym/nrf51-sdk/source/nrf51-sdk.a(pstorage.c.o)
 .text.flash_operation_success_run
                0x000000000001f1f4       0x98 ym/nrf51-sdk/source/nrf51-sdk.a(pstorage.c.o)
 .text.pstorage_sys_event_handler
                0x000000000001f28c       0x68 ym/nrf51-sdk/source/nrf51-sdk.a(pstorage.c.o)
                0x000000000001f28c                pstorage_sys_event_handler
 .text.pstorage_init
                0x000000000001f2f4       0x80 ym/nrf51-sdk/source/nrf51-sdk.a(pstorage.c.o)
                0x000000000001f2f4                pstorage_init
 .text.pstorage_register
                0x000000000001f374       0xbc ym/nrf51-sdk/source/nrf51-sdk.a(pstorage.c.o)
                0x000000000001f374                pstorage_register
 .text.pstorage_block_identifier_get
                0x000000000001f430       0x4c ym/nrf51-sdk/source/nrf51-sdk.a(pstorage.c.o)
                0x000000000001f430                pstorage_block_identifier_get
 .text.pstorage_store
                0x000000000001f47c       0x78 ym/nrf51-sdk/source/nrf51-sdk.a(pstorage.c.o)
                0x000000000001f47c                pstorage_store
 .text.pstorage_update
                0x000000000001f4f4       0x78 ym/nrf51-sdk/source/nrf51-sdk.a(pstorage.c.o)
                0x000000000001f4f4                pstorage_update
 .text.pstorage_load
                0x000000000001f56c       0x98 ym/nrf51-sdk/source/nrf51-sdk.a(pstorage.c.o)
                0x000000000001f56c                pstorage_load
 .text.pstorage_clear
                0x000000000001f604       0x84 ym/nrf51-sdk/source/nrf51-sdk.a(pstorage.c.o)
                0x000000000001f604                pstorage_clear
 .text.SWI1_IRQHandler
                0x000000000001f688       0x20 ym/nrf51-sdk/source/nrf51-sdk.a(ble_radio_notification.c.o)
                0x000000000001f688                SWI1_IRQHandler
 .text.ble_radio_notification_init
                0x000000000001f6a8       0x38 ym/nrf51-sdk/source/nrf51-sdk.a(ble_radio_notification.c.o)
                0x000000000001f6a8                ble_radio_notification_init
 .text._ZN4mbed11InterruptInD2Ev
                0x000000000001f6e0       0x18 ym/mbed-classic/existing/mbed-classic.a(InterruptIn.cpp.o)
                0x000000000001f6e0                mbed::InterruptIn::~InterruptIn()
                0x000000000001f6e0                mbed::InterruptIn::~InterruptIn()
 .text._ZN4mbed11InterruptInC2E7PinName
                0x000000000001f6f8       0x48 ym/mbed-classic/existing/mbed-classic.a(InterruptIn.cpp.o)
                0x000000000001f6f8                mbed::InterruptIn::InterruptIn(PinName)
                0x000000000001f6f8                mbed::InterruptIn::InterruptIn(PinName)
 .text._ZN4mbed10TimerEventC2Ev
                0x000000000001f740       0x2c ym/mbed-classic/existing/mbed-classic.a(TimerEvent.cpp.o)
                0x000000000001f740                mbed::TimerEvent::TimerEvent()
                0x000000000001f740                mbed::TimerEvent::TimerEvent()
 .text._ZN4mbed10TimerEventD2Ev
                0x000000000001f76c       0x18 ym/mbed-classic/existing/mbed-classic.a(TimerEvent.cpp.o)
                0x000000000001f76c                mbed::TimerEvent::~TimerEvent()
                0x000000000001f76c                mbed::TimerEvent::~TimerEvent()
 .text._ZN4mbed3I2CC2E7PinNameS1_
                0x000000000001f784       0x30 ym/mbed-classic/existing/mbed-classic.a(I2C.cpp.o)
                0x000000000001f784                mbed::I2C::I2C(PinName, PinName)
                0x000000000001f784                mbed::I2C::I2C(PinName, PinName)
 .text._ZN4mbed3I2C6aquireEv
                0x000000000001f7b4       0x1c ym/mbed-classic/existing/mbed-classic.a(I2C.cpp.o)
                0x000000000001f7b4                mbed::I2C::aquire()
 .text._ZN4mbed9RawSerialC2E7PinNameS1_
                0x000000000001f7d0       0x14 ym/mbed-classic/existing/mbed-classic.a(RawSerial.cpp.o)
                0x000000000001f7d0                mbed::RawSerial::RawSerial(PinName, PinName)
                0x000000000001f7d0                mbed::RawSerial::RawSerial(PinName, PinName)
 .text._ZN4mbed10SerialBaseC2E7PinNameS1_
                0x000000000001f7e4       0x3c ym/mbed-classic/existing/mbed-classic.a(SerialBase.cpp.o)
                0x000000000001f7e4                mbed::SerialBase::SerialBase(PinName, PinName)
                0x000000000001f7e4                mbed::SerialBase::SerialBase(PinName, PinName)
 .text._ZN4mbed7TimeoutD2Ev
                0x000000000001f820       0x1c ym/mbed-classic/existing/mbed-classic.a(Timeout.cpp.o)
                0x000000000001f820                mbed::Timeout::~Timeout()
                0x000000000001f820                mbed::Timeout::~Timeout()
 .text.get_us_ticker_data
                0x000000000001f83c        0x8 ym/mbed-classic/existing/mbed-classic.a(us_ticker_api.c.o)
                0x000000000001f83c                get_us_ticker_data
 .text.us_ticker_irq_handler
                0x000000000001f844       0x10 ym/mbed-classic/existing/mbed-classic.a(us_ticker_api.c.o)
                0x000000000001f844                us_ticker_irq_handler
 .text.gpio_init
                0x000000000001f854       0x30 ym/mbed-classic/existing/mbed-classic.a(gpio_api.c.o)
                0x000000000001f854                gpio_init
 .text.tmr1_getCounter64
                0x000000000001f884       0x50 ym/mbed-classic/existing/mbed-classic.a(us_ticker.c.o)
 .text.TIMER1_IRQHandler
                0x000000000001f8d4       0x50 ym/mbed-classic/existing/mbed-classic.a(us_ticker.c.o)
                0x000000000001f8d4                TIMER1_IRQHandler
 .text.us_ticker_init
                0x000000000001f924       0x8c ym/mbed-classic/existing/mbed-classic.a(us_ticker.c.o)
                0x000000000001f924                us_ticker_init
 .text.us_ticker_read
                0x000000000001f9b0       0x18 ym/mbed-classic/existing/mbed-classic.a(us_ticker.c.o)
                0x000000000001f9b0                us_ticker_read
 .text.us_ticker_set_interrupt
                0x000000000001f9c8       0x54 ym/mbed-classic/existing/mbed-classic.a(us_ticker.c.o)
                0x000000000001f9c8                us_ticker_set_interrupt
 .text.i2c_do_write
                0x000000000001fa1c       0x28 ym/mbed-classic/existing/mbed-classic.a(i2c_api.c.o)
                0x000000000001fa1c                i2c_do_write
 .text.i2c_do_read
                0x000000000001fa44       0x3c ym/mbed-classic/existing/mbed-classic.a(i2c_api.c.o)
                0x000000000001fa44                i2c_do_read
 .text.i2c_frequency
                0x000000000001fa80       0x48 ym/mbed-classic/existing/mbed-classic.a(i2c_api.c.o)
                0x000000000001fa80                i2c_frequency
 .text.twi_master_init
                0x000000000001fac8       0x44 ym/mbed-classic/existing/mbed-classic.a(i2c_api.c.o)
                0x000000000001fac8                twi_master_init
 .text.i2c_init
                0x000000000001fb0c       0xc4 ym/mbed-classic/existing/mbed-classic.a(i2c_api.c.o)
                0x000000000001fb0c                i2c_init
 .text.i2c_reset
                0x000000000001fbd0       0x30 ym/mbed-classic/existing/mbed-classic.a(i2c_api.c.o)
                0x000000000001fbd0                i2c_reset
 .text.i2c_stop
                0x000000000001fc00       0x34 ym/mbed-classic/existing/mbed-classic.a(i2c_api.c.o)
                0x000000000001fc00                i2c_stop
 .text.checkError
                0x000000000001fc34       0x28 ym/mbed-classic/existing/mbed-classic.a(i2c_api.c.o)
                0x000000000001fc34                checkError
 .text.serial_baud.part.0
                0x000000000001fc5c       0x38 ym/mbed-classic/existing/mbed-classic.a(serial_api.c.o)
 .text.serial_init
                0x000000000001fc94       0xb8 ym/mbed-classic/existing/mbed-classic.a(serial_api.c.o)
                0x000000000001fc94                serial_init
 .text.serial_baud
                0x000000000001fd4c       0x20 ym/mbed-classic/existing/mbed-classic.a(serial_api.c.o)
                0x000000000001fd4c                serial_baud
 .text.UART0_IRQHandler
                0x000000000001fd6c       0x4c ym/mbed-classic/existing/mbed-classic.a(serial_api.c.o)
                0x000000000001fd6c                UART0_IRQHandler
 .text.serial_irq_handler
                0x000000000001fdb8       0x18 ym/mbed-classic/existing/mbed-classic.a(serial_api.c.o)
                0x000000000001fdb8                serial_irq_handler
 .text.pwm_disconnect
                0x000000000001fdd0       0x60 ym/mbed-classic/existing/mbed-classic.a(pwmout_api.c.o)
 .text.TIMER2_IRQHandler
                0x000000000001fe30       0x68 ym/mbed-classic/existing/mbed-classic.a(pwmout_api.c.o)
                0x000000000001fe30                TIMER2_IRQHandler
 .text.port_init
                0x000000000001fe98       0x28 ym/mbed-classic/existing/mbed-classic.a(port_api.c.o)
                0x000000000001fe98                port_init
 .text.GPIOTE_IRQHandler
                0x000000000001fec0       0xf4 ym/mbed-classic/existing/mbed-classic.a(gpio_irq_api.c.o)
                0x000000000001fec0                GPIOTE_IRQHandler
 .text.gpio_irq_init
                0x000000000001ffb4       0x60 ym/mbed-classic/existing/mbed-classic.a(gpio_irq_api.c.o)
                0x000000000001ffb4                gpio_irq_init
 .text.gpio_irq_free
                0x0000000000020014       0x10 ym/mbed-classic/existing/mbed-classic.a(gpio_irq_api.c.o)
                0x0000000000020014                gpio_irq_free
 .text.gpio_irq_set
                0x0000000000020024       0x9c ym/mbed-classic/existing/mbed-classic.a(gpio_irq_api.c.o)
                0x0000000000020024                gpio_irq_set
 .text          0x00000000000200c0       0x48 ym/mbed-classic/existing/mbed-classic.a(startup_NRF51822.S.obj)
                0x00000000000200c0                Reset_Handler
                0x00000000000200fc                NMI_Handler
                0x00000000000200fe                HardFault_Handler
                0x0000000000020100                SVC_Handler
                0x0000000000020102                PendSV_Handler
                0x0000000000020104                SysTick_Handler
                0x0000000000020106                SPI0_TWI0_IRQHandler
                0x0000000000020106                RTC0_IRQHandler
                0x0000000000020106                POWER_CLOCK_IRQHandler
                0x0000000000020106                LPCOMP_IRQHandler
                0x0000000000020106                SWI4_IRQHandler
                0x0000000000020106                TEMP_IRQHandler
                0x0000000000020106                QDEC_IRQHandler
                0x0000000000020106                SWI5_IRQHandler
                0x0000000000020106                TIMER0_IRQHandler
                0x0000000000020106                SWI0_IRQHandler
                0x0000000000020106                ECB_IRQHandler
                0x0000000000020106                Default_Handler
                0x0000000000020106                ADC_IRQHandler
                0x0000000000020106                SWI3_IRQHandler
                0x0000000000020106                CCM_AAR_IRQHandler
                0x0000000000020106                WDT_IRQHandler
                0x0000000000020106                RNG_IRQHandler
                0x0000000000020106                SPI1_TWI1_IRQHandler
                0x0000000000020106                RTC1_IRQHandler
 .text.twi_master_clear_bus
                0x0000000000020108       0xb4 ym/mbed-classic/existing/mbed-classic.a(twi_master.c.o)
 .text.twi_master_init_and_clear
                0x00000000000201bc       0x74 ym/mbed-classic/existing/mbed-classic.a(twi_master.c.o)
                0x00000000000201bc                twi_master_init_and_clear
 .text.SystemInit
                0x0000000000020230       0xac ym/mbed-classic/existing/mbed-classic.a(system_nrf51.c.o)
                0x0000000000020230                SystemInit
 .text._ZSt15get_new_handlerv
                0x00000000000202dc        0xc /usr/bin/../lib/gcc/arm-none-eabi/7.2.1/../../../../arm-none-eabi/lib/thumb/v6-m/libstdc++_nano.a(new_handler.o)
                0x00000000000202dc                std::get_new_handler()
 .text          0x00000000000202e8       0x14 /usr/bin/../lib/gcc/arm-none-eabi/7.2.1/thumb/v6-m/libgcc.a(_thumb1_case_uqi.o)
                0x00000000000202e8                __gnu_thumb1_case_uqi
 .text          0x00000000000202fc      0x114 /usr/bin/../lib/gcc/arm-none-eabi/7.2.1/thumb/v6-m/libgcc.a(_udivsi3.o)
                0x00000000000202fc                __udivsi3
                0x00000000000202fc                __aeabi_uidiv
                0x0000000000020408                __aeabi_uidivmod
 .text          0x0000000000020410      0x1d4 /usr/bin/../lib/gcc/arm-none-eabi/7.2.1/thumb/v6-m/libgcc.a(_divsi3.o)
                0x0000000000020410                __aeabi_idiv
                0x0000000000020410                __divsi3
                0x00000000000205dc                __aeabi_idivmod
 .text          0x00000000000205e4        0x4 /usr/bin/../lib/gcc/arm-none-eabi/7.2.1/thumb/v6-m/libgcc.a(_dvmd_tls.o)
                0x00000000000205e4                __aeabi_ldiv0
                0x00000000000205e4                __aeabi_idiv0
 .text          0x00000000000205e8       0x74 /usr/bin/../lib/gcc/arm-none-eabi/7.2.1/thumb/v6-m/libgcc.a(_arm_cmpsf2.o)
                0x00000000000205e8                __aeabi_cfrcmple
                0x00000000000205f0                __aeabi_cfcmple
                0x00000000000205f0                __aeabi_cfcmpeq
                0x0000000000020600                __aeabi_fcmpeq
                0x000000000002060c                __aeabi_fcmplt
                0x0000000000020620                __aeabi_fcmple
                0x0000000000020634                __aeabi_fcmpgt
                0x0000000000020648                __aeabi_fcmpge
 .text          0x000000000002065c       0x40 /usr/bin/../lib/gcc/arm-none-eabi/7.2.1/thumb/v6-m/libgcc.a(_aeabi_uldivmod.o)
                0x000000000002065c                __aeabi_uldivmod
 .text          0x000000000002069c      0x184 /usr/bin/../lib/gcc/arm-none-eabi/7.2.1/thumb/v6-m/libgcc.a(_udivmoddi4.o)
                0x000000000002069c                __udivmoddi4
 .text          0x0000000000020820      0x334 /usr/bin/../lib/gcc/arm-none-eabi/7.2.1/thumb/v6-m/libgcc.a(addsf3.o)
                0x0000000000020820                __aeabi_fadd
 .text          0x0000000000020b54      0x224 /usr/bin/../lib/gcc/arm-none-eabi/7.2.1/thumb/v6-m/libgcc.a(divsf3.o)
                0x0000000000020b54                __aeabi_fdiv
 .text          0x0000000000020d78       0x50 /usr/bin/../lib/gcc/arm-none-eabi/7.2.1/thumb/v6-m/libgcc.a(eqsf2.o)
                0x0000000000020d78                __nesf2
                0x0000000000020d78                __eqsf2
 .text          0x0000000000020dc8       0x9c /usr/bin/../lib/gcc/arm-none-eabi/7.2.1/thumb/v6-m/libgcc.a(gesf2.o)
                0x0000000000020dc8                __gtsf2
                0x0000000000020dc8                __gesf2
 .text          0x0000000000020e64       0xa0 /usr/bin/../lib/gcc/arm-none-eabi/7.2.1/thumb/v6-m/libgcc.a(lesf2.o)
                0x0000000000020e64                __lesf2
                0x0000000000020e64                __ltsf2
 .text          0x0000000000020f04      0x264 /usr/bin/../lib/gcc/arm-none-eabi/7.2.1/thumb/v6-m/libgcc.a(mulsf3.o)
                0x0000000000020f04                __aeabi_fmul
 .text          0x0000000000021168      0x388 /usr/bin/../lib/gcc/arm-none-eabi/7.2.1/thumb/v6-m/libgcc.a(subsf3.o)
                0x0000000000021168                __aeabi_fsub
 .text          0x00000000000214f0       0x40 /usr/bin/../lib/gcc/arm-none-eabi/7.2.1/thumb/v6-m/libgcc.a(fixsfsi.o)
                0x00000000000214f0                __aeabi_f2iz
 .text          0x0000000000021530       0x94 /usr/bin/../lib/gcc/arm-none-eabi/7.2.1/thumb/v6-m/libgcc.a(floatsisf.o)
                0x0000000000021530                __aeabi_i2f
 .text          0x00000000000215c4      0x604 /usr/bin/../lib/gcc/arm-none-eabi/7.2.1/thumb/v6-m/libgcc.a(divdf3.o)
                0x00000000000215c4                __aeabi_ddiv
 .text          0x0000000000021bc8       0xa4 /usr/bin/../lib/gcc/arm-none-eabi/7.2.1/thumb/v6-m/libgcc.a(extendsfdf2.o)
                0x0000000000021bc8                __aeabi_f2d
 .text          0x0000000000021c6c      0x108 /usr/bin/../lib/gcc/arm-none-eabi/7.2.1/thumb/v6-m/libgcc.a(truncdfsf2.o)
                0x0000000000021c6c                __aeabi_d2f
 .text          0x0000000000021d74       0x3c /usr/bin/../lib/gcc/arm-none-eabi/7.2.1/thumb/v6-m/libgcc.a(_clzsi2.o)
                0x0000000000021d74                __clzsi2
 .text          0x0000000000021db0       0x18 /usr/bin/../lib/gcc/arm-none-eabi/7.2.1/thumb/v6-m/libgcc.a(_clzdi2.o)
                0x0000000000021db0                __clzdi2
 .text.sqrtf    0x0000000000021dc8       0xa4 /usr/bin/../lib/gcc/arm-none-eabi/7.2.1/../../../../arm-none-eabi/lib/thumb/v6-m/libm.a(lib_a-wf_sqrt.o)
                0x0000000000021dc8                sqrtf
 .text.__ieee754_sqrtf
                0x0000000000021e6c       0xb4 /usr/bin/../lib/gcc/arm-none-eabi/7.2.1/../../../../arm-none-eabi/lib/thumb/v6-m/libm.a(lib_a-ef_sqrt.o)
                0x0000000000021e6c                __ieee754_sqrtf
 .text.matherr  0x0000000000021f20        0x4 /usr/bin/../lib/gcc/arm-none-eabi/7.2.1/../../../../arm-none-eabi/lib/thumb/v6-m/libm.a(lib_a-s_matherr.o)
                0x0000000000021f20                matherr
 .text.__cxa_atexit
                0x0000000000021f24       0x1c /usr/bin/../lib/gcc/arm-none-eabi/7.2.1/../../../../arm-none-eabi/lib/thumb/v6-m/libc_nano.a(lib_a-cxa_atexit.o)
                0x0000000000021f24                __cxa_atexit
 .text.__errno  0x0000000000021f40        0xc /usr/bin/../lib/gcc/arm-none-eabi/7.2.1/../../../../arm-none-eabi/lib/thumb/v6-m/libc_nano.a(lib_a-errno.o)
                0x0000000000021f40                __errno
 .text.exit     0x0000000000021f4c       0x2c /usr/bin/../lib/gcc/arm-none-eabi/7.2.1/../../../../arm-none-eabi/lib/thumb/v6-m/libc_nano.a(lib_a-exit.o)
                0x0000000000021f4c                exit
 .text.__libc_init_array
                0x0000000000021f78       0x48 /usr/bin/../lib/gcc/arm-none-eabi/7.2.1/../../../../arm-none-eabi/lib/thumb/v6-m/libc_nano.a(lib_a-init.o)
                0x0000000000021f78                __libc_init_array
 .text.raise    0x0000000000021fc0       0x14 /usr/bin/../lib/gcc/arm-none-eabi/7.2.1/../../../../arm-none-eabi/lib/thumb/v6-m/libc_nano.a(lib_a-signal.o)
                0x0000000000021fc0                raise
 .text._kill_r  0x0000000000021fd4       0x24 /usr/bin/../lib/gcc/arm-none-eabi/7.2.1/../../../../arm-none-eabi/lib/thumb/v6-m/libc_nano.a(lib_a-signalr.o)
                0x0000000000021fd4                _kill_r
 .text.snprintf
                0x0000000000021ff8       0x64 /usr/bin/../lib/gcc/arm-none-eabi/7.2.1/../../../../arm-none-eabi/lib/thumb/v6-m/libc_nano.a(lib_a-snprintf.o)
                0x0000000000021ff8                snprintf
                0x0000000000021ff8                sniprintf
 .text.__ssputs_r
                0x000000000002205c       0xc4 /usr/bin/../lib/gcc/arm-none-eabi/7.2.1/../../../../arm-none-eabi/lib/thumb/v6-m/libc_nano.a(lib_a-nano-svfprintf.o)
                0x000000000002205c                __ssputs_r
 .text._svfprintf_r
                0x0000000000022120      0x1fc /usr/bin/../lib/gcc/arm-none-eabi/7.2.1/../../../../arm-none-eabi/lib/thumb/v6-m/libc_nano.a(lib_a-nano-svfprintf.o)
                0x0000000000022120                _svfprintf_r
                0x0000000000022120                _svfiprintf_r
 .text._printf_i
                0x000000000002231c      0x210 /usr/bin/../lib/gcc/arm-none-eabi/7.2.1/../../../../arm-none-eabi/lib/thumb/v6-m/libc_nano.a(lib_a-nano-vfprintf_i.o)
                0x000000000002231c                _printf_i
 .text          0x000000000002252c       0x2c /usr/bin/../lib/gcc/arm-none-eabi/7.2.1/thumb/v6-m/libgcc.a(unordsf2.o)
                0x000000000002252c                __aeabi_fcmpun
 .text._getpid  0x0000000000022558       0x10 /usr/bin/../lib/gcc/arm-none-eabi/7.2.1/../../../../arm-none-eabi/lib/thumb/v6-m/libnosys.a(getpid.o)
                0x0000000000022558                _getpid
 .text._kill    0x0000000000022568       0x10 /usr/bin/../lib/gcc/arm-none-eabi/7.2.1/../../../../arm-none-eabi/lib/thumb/v6-m/libnosys.a(kill.o)
                0x0000000000022568                _kill
 .text._ZN14MicroBitSerialD0Ev
                0x0000000000022578       0x12 source/CMakeFiles/iot-example.dir/home/student/IoT-Projects/challenge-3/examples/source/main.cpp.o
                0x0000000000022578                MicroBitSerial::~MicroBitSerial()
 .text._ZN4mbed19FunctionPointerArg1IvvE12membercallerI8MicroBitEEvPvPj
                0x000000000002258a       0x16 ym/microbit/source/microbit.a(MicroBit.cpp.o)
                0x000000000002258a                void mbed::FunctionPointerArg1<void, void>::membercaller<MicroBit>(void*, unsigned int*)
 .text._ZN8MicroBit5resetEv
                0x00000000000225a0       0x32 ym/microbit/source/microbit.a(MicroBit.cpp.o)
                0x00000000000225a0                MicroBit::reset()
 .text._ZN22MemberFunctionCallback10methodCallI8MicroBitEEvPvPm13MicroBitEvent
                0x00000000000225d2       0x40 ym/microbit/source/microbit.a(MicroBit.cpp.o)
                0x00000000000225d2                void MemberFunctionCallback::methodCall<MicroBit>(void*, unsigned long*, MicroBitEvent)
 .text._ZN8MicroBit25onListenerRegisteredEventE13MicroBitEvent
                0x0000000000022612       0x74 ym/microbit/source/microbit.a(MicroBit.cpp.o)
                0x0000000000022612                MicroBit::onListenerRegisteredEvent(MicroBitEvent)
 .text._ZN8MicroBit9getSerialEv
                0x0000000000022686       0x3a ym/microbit/source/microbit.a(MicroBit.cpp.o)
                0x0000000000022686                MicroBit::getSerial()
 .text._ZL30sd_rand_application_vector_getPhh
                0x00000000000226c0        0x4 ym/microbit-dal/source/microbit-dal.a(MicroBitDevice.cpp.o)